294 objects, 294 to run (sfm)
[1/294] battery/battery_001: reg 24/24, 3567 pts
[2/294] battery/battery_002: reg 8/24, 390 pts
[3/294] battery/battery_003: reg 12/24, 782 pts
[4/294] bed/bed_001: reg 12/24, 1364 pts
[5/294] bed/bed_002: reg 6/24, 138 pts
[6/294] book/book_010: reg 21/24, 2255 pts
[7/294] book/book_012: reg 14/24, 919 pts
[8/294] book/book_013: reg 12/24, 722 pts
[9/294] book/book_018: reg 14/24, 859 pts
[10/294] bottle/bottle_040: reg 3/24, 44 pts
[11/294] bottle/bottle_042: reg 9/24, 298 pts
[12/294] bottle/bottle_052: reg 14/24, 1967 pts
[13/294] bottle/bottle_054: reg 10/24, 149 pts
[14/294] bowl/bowl_002: reg 6/24, 187 pts
[15/294] bowl/bowl_003: reg 8/24, 317 pts
[16/294] bowl/bowl_008: reg 3/24, 78 pts
[17/294] bowl/bowl_017: reg 5/24, 125 pts
[18/294] boxed_beverage/boxed_beverage_001: reg 24/24, 5381 pts
[19/294] boxed_beverage/boxed_beverage_003: reg 11/24, 1084 pts
[20/294] boxed_beverage/boxed_beverage_005: reg 24/24, 4041 pts
[21/294] boxed_beverage/boxed_beverage_009: reg 24/24, 4116 pts
[22/294] brush/brush_003: reg 12/24, 1170 pts
[23/294] brush/brush_022: reg 5/24, 165 pts
[24/294] brush/brush_024: reg 18/24, 855 pts
[25/294] brush/brush_028: reg 7/24, 211 pts
[26/294] cabinet/cabinet_001: reg 14/24, 1672 pts
[27/294] cabinet/cabinet_005: reg 11/24, 341 pts
[28/294] cabinet/cabinet_006: reg 21/24, 1219 pts
[29/294] cabinet/cabinet_007: reg 6/24, 1287 pts
[30/294] candle/candle_004: reg 24/24, 7104 pts
[31/294] candle/candle_006: reg 24/24, 3067 pts
[32/294] candle/candle_008: reg 24/24, 2397 pts
[33/294] candle/candle_009: reg 17/24, 592 pts
[34/294] candy/candy_015: reg 24/24, 1377 pts
[35/294] candy/candy_039: reg 17/24, 1139 pts
[36/294] candy/candy_044: reg 18/24, 2133 pts
[37/294] candy/candy_049: reg 24/24, 1441 pts
[38/294] canned_beverage/canned_beverage_001: reg 19/24, 4483 pts
[39/294] canned_beverage/canned_beverage_002: reg 24/24, 4660 pts
[40/294] chair/chair_001: reg 2/24, 0 pts
[41/294] chair/chair_002: reg 11/24, 1142 pts
[42/294] chair/chair_018: reg 4/24, 146 pts
[43/294] chair/chair_026: reg 10/24, 1160 pts
[44/294] chocolate/chocolate_003: reg 15/24, 1102 pts
[45/294] chocolate/chocolate_013: reg 7/24, 664 pts
[46/294] chocolate/chocolate_026: reg 24/24, 1782 pts
[47/294] chocolate/chocolate_029: reg 18/24, 1019 pts
[48/294] clock/clock_044: reg 12/24, 1549 pts
[49/294] clock/clock_047: reg 8/24, 496 pts
[50/294] clock/clock_052: reg 10/24, 923 pts
[51/294] clock/clock_054: reg 18/24, 1939 pts
[52/294] cup/cup_001: reg 15/24, 701 pts
[53/294] cup/cup_016: reg 14/24, 602 pts
[54/294] cup/cup_022: reg 7/24, 438 pts
[55/294] cup/cup_032: reg 14/24, 185 pts
[56/294] dish/dish_003: reg 11/24, 247 pts
[57/294] dish/dish_007: reg 6/24, 573 pts
[58/294] dish/dish_011: reg 3/24, 59 pts
[59/294] dish/dish_015: reg 10/24, 248 pts
[60/294] doll/doll_019: reg 24/24, 8607 pts
[61/294] doll/doll_030: reg 24/24, 1494 pts
[62/294] doll/doll_032: reg 24/24, 5792 pts
[63/294] doll/doll_074: reg 22/24, 900 pts
[64/294] dustbin/dustbin_003: reg 10/24, 1866 pts
[65/294] dustbin/dustbin_015: reg 24/24, 3269 pts
[66/294] dustbin/dustbin_018: reg 9/24, 687 pts
[67/294] dustbin/dustbin_020: reg 7/24, 368 pts
[68/294] facial_cream/facial_cream_007: reg 21/24, 1147 pts
[69/294] facial_cream/facial_cream_021: reg 24/24, 3945 pts
[70/294] facial_cream/facial_cream_034: reg 24/24, 2272 pts
[71/294] facial_cream/facial_cream_035: reg 17/24, 1041 pts
[72/294] fan/fan_005: reg 21/24, 484 pts
[73/294] fan/fan_009: reg 11/24, 554 pts
[74/294] fan/fan_010: reg 11/24, 379 pts
[75/294] fan/fan_012: reg 13/24, 772 pts
[76/294] fire_extinguisher/fire_extinguisher_004: reg 24/24, 1532 pts
[77/294] fire_extinguisher/fire_extinguisher_008: reg 18/24, 2323 pts
[78/294] fire_extinguisher/fire_extinguisher_012: reg 15/24, 563 pts
[79/294] fire_extinguisher/fire_extinguisher_019: reg 10/24, 515 pts
[80/294] flash_light/flash_light_003: reg 11/24, 583 pts
[81/294] flash_light/flash_light_005: reg 16/24, 1304 pts
[82/294] flash_light/flash_light_006: reg 24/24, 2974 pts
[83/294] flash_light/flash_light_007: reg 6/24, 83 pts
[84/294] fork/fork_001: reg 2/24, 0 pts
[85/294] fork/fork_002: reg 0/24, 0 pts
[86/294] fork/fork_003: reg 5/24, 138 pts
[87/294] glasses/glasses_001: reg 18/24, 1329 pts
[88/294] glasses/glasses_002: reg 5/24, 148 pts
[89/294] glasses/glasses_003: reg 11/24, 373 pts
[90/294] glasses/glasses_004: reg 24/24, 7138 pts
[91/294] glasses_case/glasses_case_003: reg 0/24, 0 pts
[92/294] glasses_case/glasses_case_012: reg 4/24, 51 pts
[93/294] glasses_case/glasses_case_013: reg 24/24, 4769 pts
[94/294] glasses_case/glasses_case_017: reg 24/24, 3630 pts
[95/294] hair_dryer/hair_dryer_005: reg 13/24, 796 pts
[96/294] hair_dryer/hair_dryer_006: reg 13/24, 602 pts
[97/294] hair_dryer/hair_dryer_009: reg 11/24, 406 pts
[98/294] hair_dryer/hair_dryer_031: reg 16/24, 1628 pts
[99/294] hairpin/hairpin_002: reg 6/24, 266 pts
[100/294] hairpin/hairpin_003: reg 12/24, 315 pts
[101/294] hairpin/hairpin_005: reg 16/24, 800 pts
[102/294] hairpin/hairpin_025: reg 13/24, 719 pts
[103/294] hammer/hammer_014: reg 12/24, 601 pts
[104/294] hammer/hammer_018: reg 24/24, 1518 pts
[105/294] hammer/hammer_019: reg 19/24, 413 pts
[106/294] hammer/hammer_024: reg 3/24, 107 pts
[107/294] hand_cream/hand_cream_014: reg 13/24, 525 pts
[108/294] hand_cream/hand_cream_016: reg 22/24, 2435 pts
[109/294] hand_cream/hand_cream_019: reg 16/24, 460 pts
[110/294] hand_cream/hand_cream_035: reg 24/24, 2056 pts
[111/294] house/house_018: reg 24/24, 4773 pts
[112/294] house/house_028: reg 12/24, 907 pts
[113/294] house/house_030: reg 15/24, 737 pts
[114/294] house/house_039: reg 14/24, 1957 pts
[115/294] kennel/kennel_001: reg 24/24, 2561 pts
[116/294] kennel/kennel_002: reg 21/24, 2574 pts
[117/294] kennel/kennel_003: reg 19/24, 7809 pts
[118/294] kennel/kennel_004: reg 10/24, 345 pts
[119/294] kettle/kettle_002: reg 24/24, 2156 pts
[120/294] kettle/kettle_006: reg 16/24, 277 pts
[121/294] kettle/kettle_008: reg 14/24, 409 pts
[122/294] kettle/kettle_016: reg 19/24, 3409 pts
[123/294] keyboard/keyboard_004: reg 6/24, 685 pts
[124/294] keyboard/keyboard_011: reg 8/24, 384 pts
[125/294] keyboard/keyboard_014: reg 8/24, 736 pts
[126/294] keyboard/keyboard_015: reg 7/24, 388 pts
[127/294] knife/knife_001: reg 8/24, 149 pts
[128/294] knife/knife_004: reg 8/24, 566 pts
[129/294] knife/knife_009: reg 15/24, 577 pts
[130/294] knife/knife_024: reg 13/24, 291 pts
[131/294] laptop/laptop_001: reg 14/24, 172 pts
[132/294] laptop/laptop_003: reg 10/24, 276 pts
[133/294] laptop/laptop_004: reg 14/24, 592 pts
[134/294] light/light_004: reg 24/24, 3701 pts
[135/294] light/light_011: reg 9/24, 491 pts
[136/294] light/light_022: reg 11/24, 271 pts
[137/294] light/light_028: reg 8/24, 194 pts
[138/294] lipstick/lipstick_004: reg 15/24, 1273 pts
[139/294] lipstick/lipstick_005: reg 24/24, 1410 pts
[140/294] lipstick/lipstick_028: reg 16/24, 1245 pts
[141/294] lipstick/lipstick_031: reg 6/24, 268 pts
[142/294] medicine_bottle/medicine_bottle_006: reg 22/24, 1306 pts
[143/294] medicine_bottle/medicine_bottle_033: reg 24/24, 6724 pts
[144/294] medicine_bottle/medicine_bottle_074: reg 24/24, 4655 pts
[145/294] medicine_bottle/medicine_bottle_080: reg 14/24, 2869 pts
[146/294] microwaveoven/microwaveoven_003: reg 13/24, 1725 pts
[147/294] microwaveoven/microwaveoven_004: reg 13/24, 3500 pts
[148/294] microwaveoven/microwaveoven_009: reg 13/24, 3616 pts
[149/294] microwaveoven/microwaveoven_010: reg 9/24, 2814 pts
[150/294] monitor/monitor_001: reg 8/24, 403 pts
[151/294] monitor/monitor_002: reg 13/24, 521 pts
[152/294] monitor/monitor_003: reg 20/24, 1099 pts
[153/294] monitor/monitor_004: reg 19/24, 875 pts
[154/294] mouse/mouse_002: reg 15/24, 1493 pts
[155/294] mouse/mouse_004: reg 24/24, 2730 pts
[156/294] mouse/mouse_020: reg 2/24, 0 pts
[157/294] mouse/mouse_028: reg 5/24, 162 pts
[158/294] ornaments/ornaments_001: reg 11/24, 363 pts
[159/294] ornaments/ornaments_003: reg 6/24, 216 pts
[160/294] ornaments/ornaments_005: reg 16/24, 837 pts
[161/294] ornaments/ornaments_007: reg 24/24, 3206 pts
[162/294] pan/pan_001: reg 0/24, 0 pts
[163/294] pan/pan_002: reg 0/24, 0 pts
[164/294] pan/pan_003: reg 0/24, 0 pts
[165/294] pan/pan_004: reg 2/24, 0 pts
[166/294] pen/pen_001: reg 10/24, 405 pts
[167/294] pen/pen_003: reg 10/24, 572 pts
[168/294] pen/pen_004: reg 13/24, 519 pts
[169/294] pen/pen_006: reg 12/24, 1344 pts
[170/294] pillow/pillow_005: reg 21/24, 1568 pts
[171/294] pillow/pillow_007: reg 13/24, 1342 pts
[172/294] pillow/pillow_015: reg 18/24, 3311 pts
[173/294] pillow/pillow_017: reg 13/24, 674 pts
[174/294] plant/plant_002: reg 11/24, 436 pts
[175/294] plant/plant_005: reg 13/24, 1034 pts
[176/294] plant/plant_006: reg 5/24, 317 pts
[177/294] plant/plant_012: reg 17/24, 1916 pts
[178/294] plug/plug_001: reg 11/24, 225 pts
[179/294] plug/plug_002: reg 3/24, 339 pts
[180/294] popcorn/popcorn_003: reg 16/24, 3450 pts
[181/294] popcorn/popcorn_004: reg 15/24, 3805 pts
[182/294] popcorn/popcorn_030: reg 24/24, 3069 pts
[183/294] popcorn/popcorn_033: reg 12/24, 3602 pts
[184/294] potato_chips/potato_chips_002: reg 18/24, 1197 pts
[185/294] potato_chips/potato_chips_004: reg 17/24, 1562 pts
[186/294] potato_chips/potato_chips_007: reg 11/24, 1199 pts
[187/294] potato_chips/potato_chips_010: reg 11/24, 184 pts
[188/294] power_strip/power_strip_011: reg 5/24, 93 pts
[189/294] power_strip/power_strip_017: reg 16/24, 611 pts
[190/294] power_strip/power_strip_023: reg 5/24, 183 pts
[191/294] power_strip/power_strip_031: reg 18/24, 1338 pts
[192/294] projector/projector_001: reg 12/24, 1490 pts
[193/294] projector/projector_003: reg 14/24, 1527 pts
[194/294] projector/projector_004: reg 11/24, 1158 pts
[195/294] projector/projector_007: reg 4/24, 675 pts
[196/294] puff/puff_006: reg 24/24, 5534 pts
[197/294] puff/puff_009: reg 24/24, 4237 pts
[198/294] puff/puff_014: reg 20/24, 3687 pts
[199/294] puff/puff_022: reg 24/24, 2699 pts
[200/294] razor/razor_002: reg 21/24, 802 pts
[201/294] razor/razor_003: reg 9/24, 466 pts
[202/294] razor/razor_008: reg 16/24, 548 pts
[203/294] razor/razor_010: reg 11/24, 315 pts
[204/294] red_wine_glass/red_wine_glass_001: reg 24/24, 1005 pts
[205/294] red_wine_glass/red_wine_glass_015: reg 24/24, 1256 pts
[206/294] red_wine_glass/red_wine_glass_017: reg 24/24, 1515 pts
[207/294] red_wine_glass/red_wine_glass_019: reg 24/24, 1725 pts
[208/294] remote_control/remote_control_017: reg 8/24, 824 pts
[209/294] remote_control/remote_control_020: reg 16/24, 3162 pts
[210/294] remote_control/remote_control_023: reg 11/24, 1065 pts
[211/294] remote_control/remote_control_025: reg 11/24, 1238 pts
[212/294] ricecooker/ricecooker_001: reg 24/24, 2922 pts
[213/294] ricecooker/ricecooker_003: reg 8/24, 565 pts
[214/294] ricecooker/ricecooker_004: reg 24/24, 2961 pts
[215/294] ricecooker/ricecooker_006: reg 15/24, 1278 pts
[216/294] scissor/scissor_002: reg 24/24, 1063 pts
[217/294] scissor/scissor_003: reg 13/24, 1322 pts
[218/294] scissor/scissor_009: reg 10/24, 376 pts
[219/294] scissor/scissor_011: reg 19/24, 1201 pts
[220/294] shampoo/shampoo_009: reg 13/24, 3277 pts
[221/294] shampoo/shampoo_016: reg 13/24, 224 pts
[222/294] shampoo/shampoo_023: reg 24/24, 4265 pts
[223/294] shampoo/shampoo_031: reg 8/24, 1093 pts
[224/294] soap/soap_009: reg 20/24, 3114 pts
[225/294] soap/soap_019: reg 16/24, 992 pts
[226/294] soap/soap_020: reg 8/24, 255 pts
[227/294] soap/soap_023: reg 12/24, 2008 pts
[228/294] sofa/sofa_007: reg 20/24, 10472 pts
[229/294] sofa/sofa_011: reg 0/24, 0 pts
[230/294] sofa/sofa_012: reg 8/24, 239 pts
[231/294] sofa/sofa_014: reg 13/24, 9638 pts
[232/294] speaker/speaker_001: reg 5/24, 92 pts
[233/294] speaker/speaker_002: reg 5/24, 291 pts
[234/294] speaker/speaker_005: reg 0/24, 0 pts
[235/294] speaker/speaker_009: reg 14/24, 712 pts
[236/294] stool/stool_003: reg 16/24, 857 pts
[237/294] stool/stool_004: reg 21/24, 3636 pts
[238/294] stool/stool_006: reg 24/24, 1493 pts
[239/294] stool/stool_009: reg 3/24, 261 pts
[240/294] suitcase/suitcase_006: reg 23/24, 1513 pts
[241/294] suitcase/suitcase_007: reg 21/24, 1080 pts
[242/294] suitcase/suitcase_008: reg 4/24, 60 pts
[243/294] suitcase/suitcase_009: reg 5/24, 194 pts
[244/294] table/table_002: reg 8/24, 1671 pts
[245/294] table/table_017: reg 9/24, 1760 pts
[246/294] table/table_018: reg 12/24, 512 pts
[247/294] table/table_023: reg 0/24, 0 pts
[248/294] tape_measure/tape_measure_016: reg 24/24, 3116 pts
[249/294] tape_measure/tape_measure_021: reg 24/24, 5132 pts
[250/294] tape_measure/tape_measure_024: reg 21/24, 2200 pts
[251/294] tape_measure/tape_measure_025: reg 24/24, 2271 pts
[252/294] teapot/teapot_003: reg 22/24, 3246 pts
[253/294] teapot/teapot_005: reg 22/24, 1962 pts
[254/294] teapot/teapot_011: reg 24/24, 1671 pts
[255/294] teapot/teapot_029: reg 24/24, 658 pts
[256/294] teddy_bear/teddy_bear_003: reg 24/24, 2832 pts
[257/294] teddy_bear/teddy_bear_005: reg 24/24, 4801 pts
[258/294] teddy_bear/teddy_bear_008: reg 24/24, 4339 pts
[259/294] teddy_bear/teddy_bear_010: reg 24/24, 3892 pts
[260/294] thermos/thermos_001: reg 24/24, 1849 pts
[261/294] thermos/thermos_004: reg 8/24, 165 pts
[262/294] thermos/thermos_005: reg 19/24, 520 pts
[263/294] thermos/thermos_006: reg 24/24, 2351 pts
[264/294] timer/timer_010: reg 12/24, 459 pts
[265/294] timer/timer_011: reg 22/24, 732 pts
[266/294] timer/timer_015: reg 17/24, 670 pts
[267/294] timer/timer_016: reg 0/24, 0 pts
[268/294] tissue/tissue_004: reg 20/24, 2736 pts
[269/294] tissue/tissue_031: reg 13/24, 854 pts
[270/294] tissue/tissue_056: reg 24/24, 3486 pts
[271/294] tissue/tissue_057: reg 24/24, 6260 pts
[272/294] tooth_brush/tooth_brush_003: reg 7/24, 248 pts
[273/294] tooth_brush/tooth_brush_007: reg 10/24, 138 pts
[274/294] tooth_brush/tooth_brush_018: reg 8/24, 145 pts
[275/294] tooth_brush/tooth_brush_021: reg 13/24, 448 pts
[276/294] tooth_paste/tooth_paste_001: reg 16/24, 692 pts
[277/294] tooth_paste/tooth_paste_009: reg 24/24, 1681 pts
[278/294] tooth_paste/tooth_paste_027: reg 24/24, 1550 pts
[279/294] tooth_paste/tooth_paste_028: reg 13/24, 526 pts
[280/294] tvstand/tvstand_001: reg 7/24, 85 pts
[281/294] tvstand/tvstand_002: reg 2/24, 0 pts
[282/294] tvstand/tvstand_003: reg 4/24, 107 pts
[283/294] umbrella/umbrella_001: reg 20/24, 844 pts
[284/294] umbrella/umbrella_004: reg 3/24, 53 pts
[285/294] umbrella/umbrella_017: reg 24/24, 1200 pts
[286/294] umbrella/umbrella_020: reg 17/24, 796 pts
[287/294] vase/vase_002: reg 19/24, 1660 pts
[288/294] vase/vase_007: reg 10/24, 455 pts
[289/294] vase/vase_010: reg 8/24, 653 pts
[290/294] vase/vase_011: reg 10/24, 580 pts
[291/294] watch/watch_003: reg 9/24, 417 pts
[292/294] watch/watch_004: reg 22/24, 1273 pts
[293/294] watch/watch_007: reg 24/24, 2054 pts
[294/294] watch/watch_013: reg 13/24, 1359 pts
