294 objects, 294 to run (known)
[1/294] battery/battery_001: reg 24/24, 3772 pts
[2/294] battery/battery_002: reg 24/24, 1038 pts
[3/294] battery/battery_003: reg 24/24, 1124 pts
[4/294] bed/bed_001: reg 24/24, 1846 pts
[5/294] bed/bed_002: reg 24/24, 320 pts
[6/294] book/book_010: reg 24/24, 2304 pts
[7/294] book/book_012: reg 24/24, 1987 pts
[8/294] book/book_013: reg 24/24, 2156 pts
[9/294] book/book_018: reg 24/24, 3481 pts
[10/294] bottle/bottle_040: reg 24/24, 268 pts
[11/294] bottle/bottle_042: reg 24/24, 299 pts
[12/294] bottle/bottle_052: reg 24/24, 3167 pts
[13/294] bottle/bottle_054: reg 24/24, 410 pts
[14/294] bowl/bowl_002: reg 24/24, 359 pts
[15/294] bowl/bowl_003: reg 24/24, 529 pts
[16/294] bowl/bowl_008: reg 24/24, 365 pts
[17/294] bowl/bowl_017: reg 24/24, 208 pts
[18/294] boxed_beverage/boxed_beverage_001: reg 24/24, 5843 pts
[19/294] boxed_beverage/boxed_beverage_003: reg 24/24, 1097 pts
[20/294] boxed_beverage/boxed_beverage_005: reg 24/24, 4037 pts
[21/294] boxed_beverage/boxed_beverage_009: reg 24/24, 4648 pts
[22/294] brush/brush_003: reg 24/24, 1487 pts
[23/294] brush/brush_022: reg 24/24, 396 pts
[24/294] brush/brush_024: reg 24/24, 924 pts
[25/294] brush/brush_028: reg 24/24, 325 pts
[26/294] cabinet/cabinet_001: reg 24/24, 2478 pts
[27/294] cabinet/cabinet_005: reg 24/24, 762 pts
[28/294] cabinet/cabinet_006: reg 24/24, 1232 pts
[29/294] cabinet/cabinet_007: reg 24/24, 2232 pts
[30/294] candle/candle_004: reg 24/24, 7104 pts
[31/294] candle/candle_006: reg 24/24, 3063 pts
[32/294] candle/candle_008: reg 24/24, 2380 pts
[33/294] candle/candle_009: reg 24/24, 797 pts
[34/294] candy/candy_015: reg 24/24, 1340 pts
[35/294] candy/candy_039: reg 24/24, 1508 pts
[36/294] candy/candy_044: reg 24/24, 2595 pts
[37/294] candy/candy_049: reg 24/24, 1541 pts
[38/294] canned_beverage/canned_beverage_001: reg 24/24, 4619 pts
[39/294] canned_beverage/canned_beverage_002: reg 24/24, 5012 pts
[40/294] chair/chair_001: reg 24/24, 157 pts
[41/294] chair/chair_002: reg 24/24, 1303 pts
[42/294] chair/chair_018: reg 24/24, 322 pts
[43/294] chair/chair_026: reg 24/24, 1407 pts
[44/294] chocolate/chocolate_003: reg 24/24, 1944 pts
[45/294] chocolate/chocolate_013: reg 24/24, 1258 pts
[46/294] chocolate/chocolate_026: reg 24/24, 1781 pts
[47/294] chocolate/chocolate_029: reg 24/24, 1315 pts
[48/294] clock/clock_044: reg 24/24, 1753 pts
[49/294] clock/clock_047: reg 24/24, 1114 pts
[50/294] clock/clock_052: reg 24/24, 1423 pts
[51/294] clock/clock_054: reg 24/24, 3281 pts
[52/294] cup/cup_001: reg 24/24, 832 pts
[53/294] cup/cup_016: reg 24/24, 815 pts
[54/294] cup/cup_022: reg 24/24, 477 pts
[55/294] cup/cup_032: reg 24/24, 172 pts
[56/294] dish/dish_003: reg 24/24, 526 pts
[57/294] dish/dish_007: reg 24/24, 789 pts
[58/294] dish/dish_011: reg 24/24, 152 pts
[59/294] dish/dish_015: reg 24/24, 416 pts
[60/294] doll/doll_019: reg 24/24, 8600 pts
[61/294] doll/doll_030: reg 24/24, 1484 pts
[62/294] doll/doll_032: reg 24/24, 5797 pts
[63/294] doll/doll_074: reg 24/24, 889 pts
[64/294] dustbin/dustbin_003: reg 24/24, 1904 pts
[65/294] dustbin/dustbin_015: reg 24/24, 3268 pts
[66/294] dustbin/dustbin_018: reg 24/24, 1272 pts
[67/294] dustbin/dustbin_020: reg 24/24, 421 pts
[68/294] facial_cream/facial_cream_007: reg 24/24, 1280 pts
[69/294] facial_cream/facial_cream_021: reg 24/24, 3939 pts
[70/294] facial_cream/facial_cream_034: reg 24/24, 2307 pts
[71/294] facial_cream/facial_cream_035: reg 24/24, 1096 pts
[72/294] fan/fan_005: reg 24/24, 474 pts
[73/294] fan/fan_009: reg 24/24, 650 pts
[74/294] fan/fan_010: reg 24/24, 562 pts
[75/294] fan/fan_012: reg 24/24, 1180 pts
[76/294] fire_extinguisher/fire_extinguisher_004: reg 24/24, 1493 pts
[77/294] fire_extinguisher/fire_extinguisher_008: reg 24/24, 2364 pts
[78/294] fire_extinguisher/fire_extinguisher_012: reg 24/24, 874 pts
[79/294] fire_extinguisher/fire_extinguisher_019: reg 24/24, 785 pts
[80/294] flash_light/flash_light_003: reg 24/24, 1295 pts
[81/294] flash_light/flash_light_005: reg 24/24, 1919 pts
[82/294] flash_light/flash_light_006: reg 24/24, 2953 pts
[83/294] flash_light/flash_light_007: reg 24/24, 245 pts
[84/294] fork/fork_001: reg 24/24, 135 pts
[85/294] fork/fork_002: reg 24/24, 57 pts
[86/294] fork/fork_003: reg 24/24, 282 pts
[87/294] glasses/glasses_001: reg 24/24, 1456 pts
[88/294] glasses/glasses_002: reg 24/24, 646 pts
[89/294] glasses/glasses_003: reg 24/24, 750 pts
[90/294] glasses/glasses_004: reg 24/24, 7122 pts
[91/294] glasses_case/glasses_case_003: reg 24/24, 44 pts
[92/294] glasses_case/glasses_case_012: reg 24/24, 72 pts
[93/294] glasses_case/glasses_case_013: reg 24/24, 4752 pts
[94/294] glasses_case/glasses_case_017: reg 24/24, 3630 pts
[95/294] hair_dryer/hair_dryer_005: reg 24/24, 1365 pts
[96/294] hair_dryer/hair_dryer_006: reg 24/24, 997 pts
[97/294] hair_dryer/hair_dryer_009: reg 24/24, 674 pts
[98/294] hair_dryer/hair_dryer_031: reg 24/24, 2128 pts
[99/294] hairpin/hairpin_002: reg 24/24, 496 pts
[100/294] hairpin/hairpin_003: reg 24/24, 745 pts
[101/294] hairpin/hairpin_005: reg 24/24, 960 pts
[102/294] hairpin/hairpin_025: reg 24/24, 1711 pts
[103/294] hammer/hammer_014: reg 24/24, 849 pts
[104/294] hammer/hammer_018: reg 24/24, 1504 pts
[105/294] hammer/hammer_019: reg 24/24, 679 pts
[106/294] hammer/hammer_024: reg 24/24, 276 pts
[107/294] hand_cream/hand_cream_014: reg 24/24, 678 pts
[108/294] hand_cream/hand_cream_016: reg 24/24, 2725 pts
[109/294] hand_cream/hand_cream_019: reg 24/24, 617 pts
[110/294] hand_cream/hand_cream_035: reg 24/24, 2019 pts
[111/294] house/house_018: reg 24/24, 4772 pts
[112/294] house/house_028: reg 24/24, 1343 pts
[113/294] house/house_030: reg 24/24, 3157 pts
[114/294] house/house_039: reg 24/24, 2604 pts
[115/294] kennel/kennel_001: reg 24/24, 2614 pts
[116/294] kennel/kennel_002: reg 24/24, 3251 pts
[117/294] kennel/kennel_003: reg 24/24, 8063 pts
[118/294] kennel/kennel_004: reg 24/24, 734 pts
[119/294] kettle/kettle_002: reg 24/24, 2151 pts
[120/294] kettle/kettle_006: reg 24/24, 455 pts
[121/294] kettle/kettle_008: reg 24/24, 541 pts
[122/294] kettle/kettle_016: reg 24/24, 3607 pts
[123/294] keyboard/keyboard_004: reg 24/24, 937 pts
[124/294] keyboard/keyboard_011: reg 24/24, 463 pts
[125/294] keyboard/keyboard_014: reg 24/24, 760 pts
[126/294] keyboard/keyboard_015: reg 24/24, 407 pts
[127/294] knife/knife_001: reg 24/24, 176 pts
[128/294] knife/knife_004: reg 24/24, 1039 pts
[129/294] knife/knife_009: reg 24/24, 744 pts
[130/294] knife/knife_024: reg 24/24, 344 pts
[131/294] laptop/laptop_001: reg 24/24, 272 pts
[132/294] laptop/laptop_003: reg 24/24, 362 pts
[133/294] laptop/laptop_004: reg 24/24, 846 pts
[134/294] light/light_004: reg 24/24, 3699 pts
[135/294] light/light_011: reg 24/24, 851 pts
[136/294] light/light_022: reg 24/24, 864 pts
[137/294] light/light_028: reg 24/24, 381 pts
[138/294] lipstick/lipstick_004: reg 24/24, 1439 pts
[139/294] lipstick/lipstick_005: reg 24/24, 1390 pts
[140/294] lipstick/lipstick_028: reg 24/24, 1820 pts
[141/294] lipstick/lipstick_031: reg 24/24, 497 pts
[142/294] medicine_bottle/medicine_bottle_006: reg 24/24, 1341 pts
[143/294] medicine_bottle/medicine_bottle_033: reg 24/24, 6718 pts
[144/294] medicine_bottle/medicine_bottle_074: reg 24/24, 4616 pts
[145/294] medicine_bottle/medicine_bottle_080: reg 24/24, 3082 pts
[146/294] microwaveoven/microwaveoven_003: reg 24/24, 3014 pts
[147/294] microwaveoven/microwaveoven_004: reg 24/24, 4023 pts
[148/294] microwaveoven/microwaveoven_009: reg 24/24, 8275 pts
[149/294] microwaveoven/microwaveoven_010: reg 24/24, 3816 pts
[150/294] monitor/monitor_001: reg 24/24, 776 pts
[151/294] monitor/monitor_002: reg 24/24, 775 pts
[152/294] monitor/monitor_003: reg 24/24, 1129 pts
[153/294] monitor/monitor_004: reg 24/24, 1022 pts
[154/294] mouse/mouse_002: reg 24/24, 2178 pts
[155/294] mouse/mouse_004: reg 24/24, 2733 pts
[156/294] mouse/mouse_020: reg 24/24, 119 pts
[157/294] mouse/mouse_028: reg 24/24, 349 pts
[158/294] ornaments/ornaments_001: reg 24/24, 679 pts
[159/294] ornaments/ornaments_003: reg 24/24, 309 pts
[160/294] ornaments/ornaments_005: reg 24/24, 1144 pts
[161/294] ornaments/ornaments_007: reg 24/24, 3206 pts
[162/294] pan/pan_001: reg 24/24, 82 pts
[163/294] pan/pan_002: reg 24/24, 12 pts
[164/294] pan/pan_003: reg 24/24, 133 pts
[165/294] pan/pan_004: reg 24/24, 101 pts
[166/294] pen/pen_001: reg 24/24, 573 pts
[167/294] pen/pen_003: reg 24/24, 914 pts
[168/294] pen/pen_004: reg 24/24, 664 pts
[169/294] pen/pen_006: reg 24/24, 1586 pts
[170/294] pillow/pillow_005: reg 24/24, 1613 pts
[171/294] pillow/pillow_007: reg 24/24, 1681 pts
[172/294] pillow/pillow_015: reg 24/24, 3965 pts
[173/294] pillow/pillow_017: reg 24/24, 1038 pts
[174/294] plant/plant_002: reg 24/24, 686 pts
[175/294] plant/plant_005: reg 24/24, 1303 pts
[176/294] plant/plant_006: reg 24/24, 674 pts
[177/294] plant/plant_012: reg 24/24, 2138 pts
[178/294] plug/plug_001: reg 24/24, 406 pts
[179/294] plug/plug_002: reg 24/24, 781 pts
[180/294] popcorn/popcorn_003: reg 24/24, 4123 pts
[181/294] popcorn/popcorn_004: reg 24/24, 4633 pts
[182/294] popcorn/popcorn_030: reg 24/24, 3070 pts
[183/294] popcorn/popcorn_033: reg 24/24, 3929 pts
[184/294] potato_chips/potato_chips_002: reg 24/24, 2239 pts
[185/294] potato_chips/potato_chips_004: reg 24/24, 3982 pts
[186/294] potato_chips/potato_chips_007: reg 24/24, 4085 pts
[187/294] potato_chips/potato_chips_010: reg 24/24, 213 pts
[188/294] power_strip/power_strip_011: reg 24/24, 124 pts
[189/294] power_strip/power_strip_017: reg 24/24, 1405 pts
[190/294] power_strip/power_strip_023: reg 24/24, 636 pts
[191/294] power_strip/power_strip_031: reg 24/24, 1552 pts
[192/294] projector/projector_001: reg 24/24, 2680 pts
[193/294] projector/projector_003: reg 24/24, 1709 pts
[194/294] projector/projector_004: reg 24/24, 2054 pts
[195/294] projector/projector_007: reg 24/24, 1926 pts
[196/294] puff/puff_006: reg 24/24, 5496 pts
[197/294] puff/puff_009: reg 24/24, 4230 pts
[198/294] puff/puff_014: reg 24/24, 4262 pts
[199/294] puff/puff_022: reg 24/24, 2699 pts
[200/294] razor/razor_002: reg 24/24, 810 pts
[201/294] razor/razor_003: reg 24/24, 975 pts
[202/294] razor/razor_008: reg 24/24, 641 pts
[203/294] razor/razor_010: reg 24/24, 565 pts
[204/294] red_wine_glass/red_wine_glass_001: reg 24/24, 983 pts
[205/294] red_wine_glass/red_wine_glass_015: reg 24/24, 1247 pts
[206/294] red_wine_glass/red_wine_glass_017: reg 24/24, 1517 pts
[207/294] red_wine_glass/red_wine_glass_019: reg 24/24, 1726 pts
[208/294] remote_control/remote_control_017: reg 24/24, 942 pts
[209/294] remote_control/remote_control_020: reg 24/24, 6029 pts
[210/294] remote_control/remote_control_023: reg 24/24, 1412 pts
[211/294] remote_control/remote_control_025: reg 24/24, 1442 pts
[212/294] ricecooker/ricecooker_001: reg 24/24, 2987 pts
[213/294] ricecooker/ricecooker_003: reg 24/24, 1192 pts
[214/294] ricecooker/ricecooker_004: reg 24/24, 2949 pts
[215/294] ricecooker/ricecooker_006: reg 24/24, 1605 pts
[216/294] scissor/scissor_002: reg 24/24, 1056 pts
[217/294] scissor/scissor_003: reg 24/24, 1991 pts
[218/294] scissor/scissor_009: reg 24/24, 751 pts
[219/294] scissor/scissor_011: reg 24/24, 1383 pts
[220/294] shampoo/shampoo_009: reg 24/24, 5898 pts
[221/294] shampoo/shampoo_016: reg 24/24, 831 pts
[222/294] shampoo/shampoo_023: reg 24/24, 4242 pts
[223/294] shampoo/shampoo_031: reg 24/24, 1710 pts
[224/294] soap/soap_009: reg 24/24, 3228 pts
[225/294] soap/soap_019: reg 24/24, 1061 pts
[226/294] soap/soap_020: reg 24/24, 414 pts
[227/294] soap/soap_023: reg 24/24, 5051 pts
[228/294] sofa/sofa_007: reg 24/24, 14152 pts
[229/294] sofa/sofa_011: reg 24/24, 74 pts
[230/294] sofa/sofa_012: reg 24/24, 373 pts
[231/294] sofa/sofa_014: reg 24/24, 18598 pts
[232/294] speaker/speaker_001: reg 24/24, 130 pts
[233/294] speaker/speaker_002: reg 24/24, 435 pts
[234/294] speaker/speaker_005: reg 24/24, 15 pts
[235/294] speaker/speaker_009: reg 24/24, 1239 pts
[236/294] stool/stool_003: reg 24/24, 962 pts
[237/294] stool/stool_004: reg 24/24, 4396 pts
[238/294] stool/stool_006: reg 24/24, 1485 pts
[239/294] stool/stool_009: reg 24/24, 945 pts
[240/294] suitcase/suitcase_006: reg 24/24, 1504 pts
[241/294] suitcase/suitcase_007: reg 24/24, 1070 pts
[242/294] suitcase/suitcase_008: reg 24/24, 123 pts
[243/294] suitcase/suitcase_009: reg 24/24, 440 pts
[244/294] table/table_002: reg 24/24, 2328 pts
[245/294] table/table_017: reg 24/24, 2681 pts
[246/294] table/table_018: reg 24/24, 929 pts
[247/294] table/table_023: reg 24/24, 118 pts
[248/294] tape_measure/tape_measure_016: reg 24/24, 3114 pts
[249/294] tape_measure/tape_measure_021: reg 24/24, 5134 pts
[250/294] tape_measure/tape_measure_024: reg 24/24, 2425 pts
[251/294] tape_measure/tape_measure_025: reg 24/24, 2270 pts
[252/294] teapot/teapot_003: reg 24/24, 3246 pts
[253/294] teapot/teapot_005: reg 24/24, 1986 pts
[254/294] teapot/teapot_011: reg 24/24, 1663 pts
[255/294] teapot/teapot_029: reg 24/24, 652 pts
[256/294] teddy_bear/teddy_bear_003: reg 24/24, 2840 pts
[257/294] teddy_bear/teddy_bear_005: reg 24/24, 4816 pts
[258/294] teddy_bear/teddy_bear_008: reg 24/24, 4327 pts
[259/294] teddy_bear/teddy_bear_010: reg 24/24, 3900 pts
[260/294] thermos/thermos_001: reg 24/24, 1902 pts
[261/294] thermos/thermos_004: reg 24/24, 311 pts
[262/294] thermos/thermos_005: reg 24/24, 553 pts
[263/294] thermos/thermos_006: reg 24/24, 2248 pts
[264/294] timer/timer_010: reg 24/24, 786 pts
[265/294] timer/timer_011: reg 24/24, 677 pts
[266/294] timer/timer_015: reg 24/24, 782 pts
[267/294] timer/timer_016: reg 24/24, 0 pts
[268/294] tissue/tissue_004: reg 24/24, 4164 pts
[269/294] tissue/tissue_031: reg 24/24, 3845 pts
[270/294] tissue/tissue_056: reg 24/24, 3619 pts
[271/294] tissue/tissue_057: reg 24/24, 6589 pts
[272/294] tooth_brush/tooth_brush_003: reg 24/24, 391 pts
[273/294] tooth_brush/tooth_brush_007: reg 24/24, 314 pts
[274/294] tooth_brush/tooth_brush_018: reg 24/24, 291 pts
[275/294] tooth_brush/tooth_brush_021: reg 24/24, 576 pts
[276/294] tooth_paste/tooth_paste_001: reg 24/24, 1414 pts
[277/294] tooth_paste/tooth_paste_009: reg 24/24, 1675 pts
[278/294] tooth_paste/tooth_paste_027: reg 24/24, 1538 pts
[279/294] tooth_paste/tooth_paste_028: reg 24/24, 793 pts
[280/294] tvstand/tvstand_001: reg 24/24, 159 pts
[281/294] tvstand/tvstand_002: reg 24/24, 130 pts
[282/294] tvstand/tvstand_003: reg 24/24, 175 pts
[283/294] umbrella/umbrella_001: reg 24/24, 1087 pts
[284/294] umbrella/umbrella_004: reg 24/24, 264 pts
[285/294] umbrella/umbrella_017: reg 24/24, 1201 pts
[286/294] umbrella/umbrella_020: reg 24/24, 971 pts
[287/294] vase/vase_002: reg 24/24, 1747 pts
[288/294] vase/vase_007: reg 24/24, 998 pts
[289/294] vase/vase_010: reg 24/24, 1140 pts
[290/294] vase/vase_011: reg 24/24, 998 pts
[291/294] watch/watch_003: reg 24/24, 766 pts
[292/294] watch/watch_004: reg 24/24, 1322 pts
[293/294] watch/watch_007: reg 24/24, 2047 pts
[294/294] watch/watch_013: reg 24/24, 2079 pts
