Use config:
{'CONST': {'BATCH_SIZE': 8,
           'CROP_IMG_H': 128,
           'CROP_IMG_W': 128,
           'DEVICE': '0',
           'IMG_H': 224,
           'IMG_W': 224,
           'N_VIEWS_RENDERING': 1,
           'N_VOX': 32,
           'RNG_SEED': 0,
           'WEIGHTS': './output/checkpoints/2026-09-25T16:25:17.351995/best-ckpt.pth'},
 'DATASET': {'MEAN': [0.5, 0.5, 0.5],
             'STD': [0.5, 0.5, 0.5],
             'TEST_DATASET': 'ShapeNet',
             'TRAIN_DATASET': 'ShapeNet'},
 'DATASETS': {'PASCAL3D': {'ANNOTATION_PATH': '/home/hzxie/Datasets/PASCAL3D/Annotations/%s_imagenet/%s.mat',
                           'RENDERING_PATH': '/home/hzxie/Datasets/PASCAL3D/Images/%s_imagenet/%s.JPEG',
                           'TAXONOMY_FILE_PATH': './datasets/Pascal3D.json',
                           'VOXEL_PATH': '/home/hzxie/Datasets/PASCAL3D/CAD/%s/%02d.binvox'},
              'PIX3D': {'ANNOTATION_PATH': '/home/hzxie/Datasets/Pix3D/pix3d.json',
                        'RENDERING_PATH': '/home/hzxie/Datasets/Pix3D/img/%s/%s.%s',
                        'TAXONOMY_FILE_PATH': './datasets/Pix3D.json',
                        'VOXEL_PATH': '/home/hzxie/Datasets/Pix3D/model/%s/%s/%s.binvox'},
              'SHAPENET': {'RENDERING_PATH': './datasets/OmniObject3D/OmniObjectRendering/%s/%s/rendering/%02d.png',
                           'TAXONOMY_FILE_PATH': './datasets/OmniObject3D/OmniObject3D.json',
                           'VOXEL_PATH': './datasets/OmniObject3D/OmniObjectVox32/%s/%s/model.mat'}},
 'DIR': {'OUT_PATH': './output',
         'RANDOM_BG_PATH': '/home/hzxie/Datasets/SUN2012/JPEGImages'},
 'NETWORK': {'LEAKY_VALUE': 0.2,
             'TCONV_USE_BIAS': False,
             'USE_MERGER': True,
             'USE_REFINER': True},
 'TEST': {'RANDOM_BG_COLOR_RANGE': [[240, 240], [240, 240], [240, 240]],
          'VOXEL_THRESH': [0.2, 0.3, 0.4, 0.5]},
 'TRAIN': {'BETAS': (0.9, 0.999),
           'BRIGHTNESS': 0.4,
           'CONTRAST': 0.4,
           'DECODER_LEARNING_RATE': 0.001,
           'DECODER_LR_MILESTONES': [150],
           'ENCODER_LEARNING_RATE': 0.001,
           'ENCODER_LR_MILESTONES': [150],
           'EPOCH_START_USE_MERGER': 0,
           'EPOCH_START_USE_REFINER': 0,
           'GAMMA': 0.5,
           'MERGER_LEARNING_RATE': 0.0001,
           'MERGER_LR_MILESTONES': [150],
           'MOMENTUM': 0.9,
           'NOISE_STD': 0.1,
           'NUM_EPOCHES': 250,
           'NUM_WORKER': 4,
           'POLICY': 'adam',
           'RANDOM_BG_COLOR_RANGE': [[225, 255], [225, 255], [225, 255]],
           'REFINER_LEARNING_RATE': 0.001,
           'REFINER_LR_MILESTONES': [150],
           'RESUME_TRAIN': False,
           'SATURATION': 0.4,
           'SAVE_FREQ': 10,
           'UPDATE_N_VIEWS_RENDERING': False,
           'VAL_FREQ': 1}}
[INFO] 2026-09-25 18:34:15.314780 Collecting files of Taxonomy[ID=bed, Name=bed]
[INFO] 2026-09-25 18:34:15.336399 Collecting files of Taxonomy[ID=pillow, Name=pillow]
[INFO] 2026-09-25 18:34:15.373108 Collecting files of Taxonomy[ID=table, Name=table]
[INFO] 2026-09-25 18:34:15.395843 Collecting files of Taxonomy[ID=stool, Name=stool]
[INFO] 2026-09-25 18:34:15.408597 Collecting files of Taxonomy[ID=clock, Name=clock]
[INFO] 2026-09-25 18:34:15.467417 Collecting files of Taxonomy[ID=tvstand, Name=tvstand]
[INFO] 2026-09-25 18:34:15.474859 Collecting files of Taxonomy[ID=vase, Name=vase]
[INFO] 2026-09-25 18:34:15.486207 Collecting files of Taxonomy[ID=tissue, Name=tissue]
[INFO] 2026-09-25 18:34:15.527458 Collecting files of Taxonomy[ID=doll, Name=doll]
[INFO] 2026-09-25 18:34:15.596049 Collecting files of Taxonomy[ID=fan, Name=fan]
[INFO] 2026-09-25 18:34:15.605178 Collecting files of Taxonomy[ID=suitcase, Name=suitcase]
[INFO] 2026-09-25 18:34:15.610324 Collecting files of Taxonomy[ID=battery, Name=battery]
[INFO] 2026-09-25 18:34:15.615909 Collecting files of Taxonomy[ID=book, Name=book]
[INFO] 2026-09-25 18:34:15.637927 Collecting files of Taxonomy[ID=bottle, Name=bottle]
[INFO] 2026-09-25 18:34:15.670752 Collecting files of Taxonomy[ID=bowl, Name=bowl]
[INFO] 2026-09-25 18:34:15.685643 Collecting files of Taxonomy[ID=boxed_beverage, Name=boxed_beverage]
[INFO] 2026-09-25 18:34:15.708885 Collecting files of Taxonomy[ID=brush, Name=brush]
[INFO] 2026-09-25 18:34:15.736105 Collecting files of Taxonomy[ID=candle, Name=candle]
[INFO] 2026-09-25 18:34:15.743558 Collecting files of Taxonomy[ID=candy, Name=candy]
[INFO] 2026-09-25 18:34:15.786304 Collecting files of Taxonomy[ID=canned_beverage, Name=canned_beverage]
[INFO] 2026-09-25 18:34:15.793301 Collecting files of Taxonomy[ID=chocolate, Name=chocolate]
[INFO] 2026-09-25 18:34:15.819068 Collecting files of Taxonomy[ID=cup, Name=cup]
[INFO] 2026-09-25 18:34:15.854248 Collecting files of Taxonomy[ID=dish, Name=dish]
[INFO] 2026-09-25 18:34:15.877509 Collecting files of Taxonomy[ID=dustbin, Name=dustbin]
[INFO] 2026-09-25 18:34:15.898394 Collecting files of Taxonomy[ID=facial_cream, Name=facial_cream]
[INFO] 2026-09-25 18:34:15.932939 Collecting files of Taxonomy[ID=fire_extinguisher, Name=fire_extinguisher]
[INFO] 2026-09-25 18:34:15.950173 Collecting files of Taxonomy[ID=flash_light, Name=flash_light]
[INFO] 2026-09-25 18:34:15.958199 Collecting files of Taxonomy[ID=fork, Name=fork]
[INFO] 2026-09-25 18:34:15.967397 Collecting files of Taxonomy[ID=glasses, Name=glasses]
[INFO] 2026-09-25 18:34:15.983109 Collecting files of Taxonomy[ID=glasses_case, Name=glasses_case]
[INFO] 2026-09-25 18:34:16.018683 Collecting files of Taxonomy[ID=hairpin, Name=hairpin]
[INFO] 2026-09-25 18:34:16.052325 Collecting files of Taxonomy[ID=hammer, Name=hammer]
[INFO] 2026-09-25 18:34:16.072847 Collecting files of Taxonomy[ID=hand_cream, Name=hand_cream]
[INFO] 2026-09-25 18:34:16.108958 Collecting files of Taxonomy[ID=house, Name=house]
[INFO] 2026-09-25 18:34:16.146785 Collecting files of Taxonomy[ID=kennel, Name=kennel]
[INFO] 2026-09-25 18:34:16.152344 Collecting files of Taxonomy[ID=kettle, Name=kettle]
[INFO] 2026-09-25 18:34:16.169683 Collecting files of Taxonomy[ID=keyboard, Name=keyboard]
[INFO] 2026-09-25 18:34:16.181143 Collecting files of Taxonomy[ID=knife, Name=knife]
[INFO] 2026-09-25 18:34:16.207668 Collecting files of Taxonomy[ID=laptop, Name=laptop]
[INFO] 2026-09-25 18:34:16.213613 Collecting files of Taxonomy[ID=lipstick, Name=lipstick]
[INFO] 2026-09-25 18:34:16.238456 Collecting files of Taxonomy[ID=medicine_bottle, Name=medicine_bottle]
[INFO] 2026-09-25 18:34:16.306836 Collecting files of Taxonomy[ID=microwaveoven, Name=microwaveoven]
[INFO] 2026-09-25 18:34:16.312474 Collecting files of Taxonomy[ID=monitor, Name=monitor]
[INFO] 2026-09-25 18:34:16.319513 Collecting files of Taxonomy[ID=mouse, Name=mouse]
[INFO] 2026-09-25 18:34:16.342566 Collecting files of Taxonomy[ID=ornaments, Name=ornaments]
[INFO] 2026-09-25 18:34:16.349122 Collecting files of Taxonomy[ID=pan, Name=pan]
[INFO] 2026-09-25 18:34:16.354736 Collecting files of Taxonomy[ID=pen, Name=pen]
[INFO] 2026-09-25 18:34:16.360783 Collecting files of Taxonomy[ID=plug, Name=plug]
[INFO] 2026-09-25 18:34:16.367928 Collecting files of Taxonomy[ID=popcorn, Name=popcorn]
[INFO] 2026-09-25 18:34:16.407496 Collecting files of Taxonomy[ID=potato_chips, Name=potato_chips]
[INFO] 2026-09-25 18:34:16.421385 Collecting files of Taxonomy[ID=power_strip, Name=power_strip]
[INFO] 2026-09-25 18:34:16.465518 Collecting files of Taxonomy[ID=projector, Name=projector]
[INFO] 2026-09-25 18:34:16.477854 Collecting files of Taxonomy[ID=puff, Name=puff]
[INFO] 2026-09-25 18:34:16.496176 Collecting files of Taxonomy[ID=razor, Name=razor]
[INFO] 2026-09-25 18:34:16.508385 Collecting files of Taxonomy[ID=red_wine_glass, Name=red_wine_glass]
[INFO] 2026-09-25 18:34:16.526299 Collecting files of Taxonomy[ID=remote_control, Name=remote_control]
[INFO] 2026-09-25 18:34:16.555391 Collecting files of Taxonomy[ID=ricecooker, Name=ricecooker]
[INFO] 2026-09-25 18:34:16.561263 Collecting files of Taxonomy[ID=scissor, Name=scissor]
[INFO] 2026-09-25 18:34:16.576443 Collecting files of Taxonomy[ID=shampoo, Name=shampoo]
/home/susan/agentic_workspace/home-omni3d/.venv/lib/python3.10/site-packages/torchvision/models/_utils.py:207: UserWarning: The parameter 'pretrained' is deprecated since 0.13 and may be removed in the future, please use 'weights' instead.
  warnings.warn(
/home/susan/agentic_workspace/home-omni3d/.venv/lib/python3.10/site-packages/torchvision/models/_utils.py:222: UserWarning: Arguments other than a weight enum or `None` for 'weights' are deprecated since 0.13 and may be removed in the future. The current behavior is equivalent to passing `weights=VGG16_BN_Weights.IMAGENET1K_V1`. You can also use `weights=VGG16_BN_Weights.DEFAULT` to get the most up-to-date weights.
  warnings.warn(msg)
[INFO] 2026-09-25 18:34:16.613211 Collecting files of Taxonomy[ID=soap, Name=soap]
[INFO] 2026-09-25 18:34:16.650049 Collecting files of Taxonomy[ID=speaker, Name=speaker]
[INFO] 2026-09-25 18:34:16.655436 Collecting files of Taxonomy[ID=tape_measure, Name=tape_measure]
[INFO] 2026-09-25 18:34:16.673567 Collecting files of Taxonomy[ID=teapot, Name=teapot]
[INFO] 2026-09-25 18:34:16.707755 Collecting files of Taxonomy[ID=thermos, Name=thermos]
[INFO] 2026-09-25 18:34:16.714862 Collecting files of Taxonomy[ID=timer, Name=timer]
[INFO] 2026-09-25 18:34:16.734503 Collecting files of Taxonomy[ID=tooth_brush, Name=tooth_brush]
[INFO] 2026-09-25 18:34:16.757085 Collecting files of Taxonomy[ID=tooth_paste, Name=tooth_paste]
[INFO] 2026-09-25 18:34:16.798058 Collecting files of Taxonomy[ID=umbrella, Name=umbrella]
[INFO] 2026-09-25 18:34:16.818824 Collecting files of Taxonomy[ID=watch, Name=watch]
[INFO] 2026-09-25 18:34:16.831865 Complete collecting files of the dataset. Total files: 237.
[INFO] 2026-09-25 18:34:20.085919 Loading weights from ./output/checkpoints/2026-09-25T16:25:17.351995/best-ckpt.pth ...
[INFO/Process-1] child process calling self.run()
[INFO/Process-1] created temp directory /tmp/pymp-qye900yd
[INFO] 2026-09-25 18:34:29.128794 Test[1/237] Taxonomy = bed Sample = bed_002 EDLoss = 5.5742 RLoss = 5.4794 IoU = ['0.1876', '0.1406', '0.0702', '0.0218']
[INFO] 2026-09-25 18:34:29.135389 Test[2/237] Taxonomy = pillow Sample = pillow_003 EDLoss = 4.7203 RLoss = 4.7300 IoU = ['0.3043', '0.2657', '0.2075', '0.1550']
[INFO] 2026-09-25 18:34:29.141876 Test[3/237] Taxonomy = pillow Sample = pillow_004 EDLoss = 5.1662 RLoss = 5.1687 IoU = ['0.3331', '0.2696', '0.1954', '0.1191']
[INFO] 2026-09-25 18:34:29.172045 Test[4/237] Taxonomy = pillow Sample = pillow_005 EDLoss = 5.5258 RLoss = 5.5509 IoU = ['0.3469', '0.2842', '0.1766', '0.0955']
[INFO] 2026-09-25 18:34:29.206993 Test[5/237] Taxonomy = pillow Sample = pillow_011 EDLoss = 4.5973 RLoss = 4.5966 IoU = ['0.3788', '0.3737', '0.2854', '0.1812']
[INFO] 2026-09-25 18:34:29.244261 Test[6/237] Taxonomy = pillow Sample = pillow_021 EDLoss = 5.3096 RLoss = 5.2452 IoU = ['0.3003', '0.2905', '0.2057', '0.0679']
[INFO] 2026-09-25 18:34:29.276147 Test[7/237] Taxonomy = pillow Sample = pillow_022 EDLoss = 4.9748 RLoss = 4.9627 IoU = ['0.3989', '0.3739', '0.2444', '0.1348']
[INFO] 2026-09-25 18:34:29.313476 Test[8/237] Taxonomy = table Sample = table_005 EDLoss = 6.3593 RLoss = 6.4366 IoU = ['0.1835', '0.1532', '0.1213', '0.0731']
[INFO] 2026-09-25 18:34:29.355109 Test[9/237] Taxonomy = table Sample = table_015 EDLoss = 6.1668 RLoss = 6.1361 IoU = ['0.3123', '0.3002', '0.2184', '0.1013']
[INFO] 2026-09-25 18:34:29.389641 Test[10/237] Taxonomy = table Sample = table_023 EDLoss = 6.6615 RLoss = 6.9222 IoU = ['0.2533', '0.2081', '0.1577', '0.0976']
[INFO] 2026-09-25 18:34:29.427154 Test[11/237] Taxonomy = table Sample = table_026 EDLoss = 7.3125 RLoss = 7.6793 IoU = ['0.1944', '0.1504', '0.1141', '0.0812']
[INFO] 2026-09-25 18:34:29.467464 Test[12/237] Taxonomy = stool Sample = stool_005 EDLoss = 6.3665 RLoss = 6.3933 IoU = ['0.2261', '0.1429', '0.0847', '0.0362']
[INFO] 2026-09-25 18:34:29.510604 Test[13/237] Taxonomy = stool Sample = stool_007 EDLoss = 4.4874 RLoss = 4.4706 IoU = ['0.4328', '0.4433', '0.3460', '0.2289']
[INFO] 2026-09-25 18:34:29.545967 Test[14/237] Taxonomy = clock Sample = clock_005 EDLoss = 6.4471 RLoss = 6.4602 IoU = ['0.3256', '0.2487', '0.1782', '0.1144']
[INFO] 2026-09-25 18:34:29.587957 Test[15/237] Taxonomy = clock Sample = clock_009 EDLoss = 6.0953 RLoss = 6.1122 IoU = ['0.3193', '0.2503', '0.1694', '0.1025']
[INFO] 2026-09-25 18:34:29.621601 Test[16/237] Taxonomy = clock Sample = clock_018 EDLoss = 5.7853 RLoss = 5.8085 IoU = ['0.3610', '0.3349', '0.1908', '0.0856']
[INFO] 2026-09-25 18:34:29.658129 Test[17/237] Taxonomy = clock Sample = clock_022 EDLoss = 6.4972 RLoss = 6.5542 IoU = ['0.2288', '0.1688', '0.1026', '0.0642']
[INFO] 2026-09-25 18:34:29.695397 Test[18/237] Taxonomy = clock Sample = clock_029 EDLoss = 6.1471 RLoss = 6.1919 IoU = ['0.2368', '0.1790', '0.0922', '0.0481']
[INFO] 2026-09-25 18:34:29.729498 Test[19/237] Taxonomy = clock Sample = clock_036 EDLoss = 6.3271 RLoss = 6.3371 IoU = ['0.3190', '0.2294', '0.1611', '0.1003']
[INFO] 2026-09-25 18:34:29.771567 Test[20/237] Taxonomy = clock Sample = clock_044 EDLoss = 5.0982 RLoss = 5.0886 IoU = ['0.3584', '0.2808', '0.2034', '0.1343']
[INFO] 2026-09-25 18:34:29.810309 Test[21/237] Taxonomy = clock Sample = clock_053 EDLoss = 6.1669 RLoss = 6.1598 IoU = ['0.3103', '0.2785', '0.2086', '0.1298']
[INFO] 2026-09-25 18:34:29.854041 Test[22/237] Taxonomy = clock Sample = clock_054 EDLoss = 6.4510 RLoss = 6.4443 IoU = ['0.3162', '0.2581', '0.1910', '0.1043']
[INFO] 2026-09-25 18:34:29.888268 Test[23/237] Taxonomy = tvstand Sample = tvstand_003 EDLoss = 5.5041 RLoss = 5.4321 IoU = ['0.3134', '0.3457', '0.3215', '0.2023']
[INFO] 2026-09-25 18:34:29.920390 Test[24/237] Taxonomy = vase Sample = vase_003 EDLoss = 5.8438 RLoss = 5.8795 IoU = ['0.2142', '0.1402', '0.0828', '0.0589']
[INFO] 2026-09-25 18:34:29.955533 Test[25/237] Taxonomy = vase Sample = vase_012 EDLoss = 4.8345 RLoss = 4.8436 IoU = ['0.2745', '0.2936', '0.2430', '0.1319']
[INFO] 2026-09-25 18:34:29.994242 Test[26/237] Taxonomy = tissue Sample = tissue_005 EDLoss = 5.0880 RLoss = 5.0103 IoU = ['0.3331', '0.3532', '0.3388', '0.2307']
[INFO] 2026-09-25 18:34:30.030588 Test[27/237] Taxonomy = tissue Sample = tissue_011 EDLoss = 5.1070 RLoss = 5.1019 IoU = ['0.3352', '0.2812', '0.2176', '0.1505']
[INFO] 2026-09-25 18:34:30.067554 Test[28/237] Taxonomy = tissue Sample = tissue_012 EDLoss = 5.2645 RLoss = 5.2493 IoU = ['0.3235', '0.3138', '0.2937', '0.2225']
[INFO] 2026-09-25 18:34:30.105650 Test[29/237] Taxonomy = tissue Sample = tissue_019 EDLoss = 5.0293 RLoss = 4.9830 IoU = ['0.3636', '0.3812', '0.3689', '0.2065']
[INFO] 2026-09-25 18:34:30.140372 Test[30/237] Taxonomy = tissue Sample = tissue_028 EDLoss = 4.9847 RLoss = 4.9444 IoU = ['0.3816', '0.4237', '0.4064', '0.2392']
[INFO] 2026-09-25 18:34:30.174793 Test[31/237] Taxonomy = tissue Sample = tissue_033 EDLoss = 4.7798 RLoss = 4.7422 IoU = ['0.3886', '0.3750', '0.3291', '0.1771']
[INFO] 2026-09-25 18:34:30.209528 Test[32/237] Taxonomy = tissue Sample = tissue_041 EDLoss = 5.4207 RLoss = 5.4259 IoU = ['0.2966', '0.2123', '0.1360', '0.0625']
[INFO] 2026-09-25 18:34:30.247279 Test[33/237] Taxonomy = tissue Sample = tissue_050 EDLoss = 4.8720 RLoss = 4.8458 IoU = ['0.4005', '0.4060', '0.3374', '0.2022']
[INFO] 2026-09-25 18:34:30.285257 Test[34/237] Taxonomy = doll Sample = doll_006 EDLoss = 5.3454 RLoss = 5.4048 IoU = ['0.2859', '0.2247', '0.1543', '0.1075']
[INFO] 2026-09-25 18:34:30.323684 Test[35/237] Taxonomy = doll Sample = doll_010 EDLoss = 5.1580 RLoss = 5.1580 IoU = ['0.2294', '0.2034', '0.1278', '0.0772']
[INFO] 2026-09-25 18:34:30.358281 Test[36/237] Taxonomy = doll Sample = doll_012 EDLoss = 5.9925 RLoss = 6.0317 IoU = ['0.1833', '0.1475', '0.1085', '0.0736']
[INFO] 2026-09-25 18:34:30.391749 Test[37/237] Taxonomy = doll Sample = doll_014 EDLoss = 6.5942 RLoss = 6.7265 IoU = ['0.1721', '0.1027', '0.0625', '0.0564']
[INFO] 2026-09-25 18:34:30.428917 Test[38/237] Taxonomy = doll Sample = doll_020 EDLoss = 4.8593 RLoss = 4.8820 IoU = ['0.2372', '0.2563', '0.1866', '0.0709']
[INFO] 2026-09-25 18:34:30.463673 Test[39/237] Taxonomy = doll Sample = doll_022 EDLoss = 5.4684 RLoss = 5.5348 IoU = ['0.1989', '0.1589', '0.0838', '0.0602']
[INFO] 2026-09-25 18:34:30.496426 Test[40/237] Taxonomy = doll Sample = doll_029 EDLoss = 5.8909 RLoss = 5.9591 IoU = ['0.1946', '0.1285', '0.0896', '0.0751']
[INFO] 2026-09-25 18:34:30.536277 Test[41/237] Taxonomy = doll Sample = doll_041 EDLoss = 5.4099 RLoss = 5.4265 IoU = ['0.2230', '0.1511', '0.1308', '0.1247']
[INFO] 2026-09-25 18:34:30.567760 Test[42/237] Taxonomy = doll Sample = doll_045 EDLoss = 5.3859 RLoss = 5.4215 IoU = ['0.2034', '0.1674', '0.1458', '0.1242']
[INFO] 2026-09-25 18:34:30.606314 Test[43/237] Taxonomy = doll Sample = doll_046 EDLoss = 4.6042 RLoss = 4.6533 IoU = ['0.3221', '0.3131', '0.2399', '0.1414']
[INFO] 2026-09-25 18:34:30.644948 Test[44/237] Taxonomy = doll Sample = doll_055 EDLoss = 4.3842 RLoss = 4.3990 IoU = ['0.3059', '0.3105', '0.2919', '0.2313']
[INFO] 2026-09-25 18:34:30.681201 Test[45/237] Taxonomy = doll Sample = doll_072 EDLoss = 5.1538 RLoss = 5.2049 IoU = ['0.2896', '0.2641', '0.1795', '0.0910']
[INFO] 2026-09-25 18:34:30.714374 Test[46/237] Taxonomy = doll Sample = doll_073 EDLoss = 4.2950 RLoss = 4.1110 IoU = ['0.2289', '0.2385', '0.1924', '0.1236']
[INFO] 2026-09-25 18:34:30.744549 Test[47/237] Taxonomy = fan Sample = fan_003 EDLoss = 3.9674 RLoss = 4.1380 IoU = ['0.1421', '0.1226', '0.1001', '0.0742']
[INFO] 2026-09-25 18:34:30.775781 Test[48/237] Taxonomy = fan Sample = fan_012 EDLoss = 4.3780 RLoss = 4.3414 IoU = ['0.0600', '0.0318', '0.0186', '0.0092']
[INFO] 2026-09-25 18:34:30.818161 Test[49/237] Taxonomy = suitcase Sample = suitcase_005 EDLoss = 5.2099 RLoss = 5.1979 IoU = ['0.3845', '0.2993', '0.2255', '0.1643']
[INFO] 2026-09-25 18:34:30.852375 Test[50/237] Taxonomy = battery Sample = battery_003 EDLoss = 4.8346 RLoss = 4.8043 IoU = ['0.4235', '0.4586', '0.3134', '0.1590']
[INFO] 2026-09-25 18:34:30.891002 Test[51/237] Taxonomy = book Sample = book_005 EDLoss = 5.0668 RLoss = 5.0682 IoU = ['0.3033', '0.2691', '0.1854', '0.1051']
[INFO] 2026-09-25 18:34:30.935596 Test[52/237] Taxonomy = book Sample = book_011 EDLoss = 4.8452 RLoss = 4.8066 IoU = ['0.3136', '0.3435', '0.2855', '0.1606']
[INFO] 2026-09-25 18:34:30.975118 Test[53/237] Taxonomy = book Sample = book_021 EDLoss = 4.9009 RLoss = 4.8888 IoU = ['0.2859', '0.3105', '0.2497', '0.1655']
[INFO] 2026-09-25 18:34:31.014224 Test[54/237] Taxonomy = book Sample = book_026 EDLoss = 5.0643 RLoss = 5.0424 IoU = ['0.3250', '0.3285', '0.2525', '0.1419']
[INFO] 2026-09-25 18:34:31.059578 Test[55/237] Taxonomy = bottle Sample = bottle_040 EDLoss = 4.8778 RLoss = 4.8508 IoU = ['0.3536', '0.3226', '0.2689', '0.1848']
[INFO] 2026-09-25 18:34:31.093024 Test[56/237] Taxonomy = bottle Sample = bottle_046 EDLoss = 4.1226 RLoss = 4.0831 IoU = ['0.4327', '0.5571', '0.4102', '0.2090']
[INFO] 2026-09-25 18:34:31.130889 Test[57/237] Taxonomy = bottle Sample = bottle_047 EDLoss = 4.2245 RLoss = 4.2194 IoU = ['0.4267', '0.4613', '0.3804', '0.2376']
[INFO] 2026-09-25 18:34:31.169007 Test[58/237] Taxonomy = bottle Sample = bottle_055 EDLoss = 4.1092 RLoss = 4.0793 IoU = ['0.4212', '0.5352', '0.3974', '0.2090']
[INFO] 2026-09-25 18:34:31.202793 Test[59/237] Taxonomy = bowl Sample = bowl_003 EDLoss = 5.2601 RLoss = 5.3007 IoU = ['0.2725', '0.1995', '0.0988', '0.0601']
[INFO] 2026-09-25 18:34:31.236596 Test[60/237] Taxonomy = bowl Sample = bowl_015 EDLoss = 5.8296 RLoss = 5.8800 IoU = ['0.2017', '0.1752', '0.0958', '0.0619']
[INFO] 2026-09-25 18:34:31.278951 Test[61/237] Taxonomy = boxed_beverage Sample = boxed_beverage_005 EDLoss = 5.9594 RLoss = 5.8560 IoU = ['0.2867', '0.3010', '0.2658', '0.1501']
[INFO] 2026-09-25 18:34:31.315096 Test[62/237] Taxonomy = boxed_beverage Sample = boxed_beverage_007 EDLoss = 5.5972 RLoss = 5.6053 IoU = ['0.3198', '0.2045', '0.1328', '0.0940']
[INFO] 2026-09-25 18:34:31.353447 Test[63/237] Taxonomy = brush Sample = brush_005 EDLoss = 4.9187 RLoss = 5.3657 IoU = ['0.2416', '0.2159', '0.1884', '0.1552']
[INFO] 2026-09-25 18:34:31.390419 Test[64/237] Taxonomy = brush Sample = brush_011 EDLoss = 7.8515 RLoss = 8.2307 IoU = ['0.1642', '0.1412', '0.1148', '0.0907']
[INFO] 2026-09-25 18:34:31.423175 Test[65/237] Taxonomy = brush Sample = brush_012 EDLoss = 5.8415 RLoss = 5.9150 IoU = ['0.2555', '0.2267', '0.1670', '0.0934']
[INFO] 2026-09-25 18:34:31.452941 Test[66/237] Taxonomy = brush Sample = brush_020 EDLoss = 5.8715 RLoss = 6.0448 IoU = ['0.1825', '0.1476', '0.1093', '0.0705']
[INFO] 2026-09-25 18:34:31.487286 Test[67/237] Taxonomy = candle Sample = candle_006 EDLoss = 4.1533 RLoss = 4.1348 IoU = ['0.4241', '0.4874', '0.4048', '0.2530']
[INFO] 2026-09-25 18:34:31.534808 Test[68/237] Taxonomy = candy Sample = candy_003 EDLoss = 4.1331 RLoss = 4.1407 IoU = ['0.3768', '0.3896', '0.3149', '0.2070']
[INFO] 2026-09-25 18:34:31.610996 Test[69/237] Taxonomy = candy Sample = candy_004 EDLoss = 5.7937 RLoss = 5.8565 IoU = ['0.1978', '0.1347', '0.0984', '0.0720']
[INFO] 2026-09-25 18:34:31.646109 Test[70/237] Taxonomy = candy Sample = candy_005 EDLoss = 4.6711 RLoss = 4.5370 IoU = ['0.2160', '0.2592', '0.2725', '0.2640']
[INFO] 2026-09-25 18:34:31.680701 Test[71/237] Taxonomy = candy Sample = candy_013 EDLoss = 5.6502 RLoss = 5.7844 IoU = ['0.2083', '0.1767', '0.1435', '0.1116']
[INFO] 2026-09-25 18:34:31.709656 Test[72/237] Taxonomy = candy Sample = candy_021 EDLoss = 5.2486 RLoss = 5.2016 IoU = ['0.3431', '0.3806', '0.3081', '0.1742']
[INFO] 2026-09-25 18:34:31.740398 Test[73/237] Taxonomy = candy Sample = candy_025 EDLoss = 4.9273 RLoss = 4.9136 IoU = ['0.3067', '0.2853', '0.1524', '0.0740']
[INFO] 2026-09-25 18:34:31.777385 Test[74/237] Taxonomy = candy Sample = candy_044 EDLoss = 5.0903 RLoss = 5.1440 IoU = ['0.1797', '0.1451', '0.0794', '0.0356']
[INFO] 2026-09-25 18:34:31.820791 Test[75/237] Taxonomy = canned_beverage Sample = canned_beverage_002 EDLoss = 4.3020 RLoss = 4.2678 IoU = ['0.4598', '0.5932', '0.4528', '0.2093']
[INFO] 2026-09-25 18:34:31.858059 Test[76/237] Taxonomy = chocolate Sample = chocolate_003 EDLoss = 4.8263 RLoss = 4.9352 IoU = ['0.2765', '0.2649', '0.2016', '0.1104']
[INFO] 2026-09-25 18:34:31.889632 Test[77/237] Taxonomy = chocolate Sample = chocolate_012 EDLoss = 5.4229 RLoss = 5.3383 IoU = ['0.3373', '0.3472', '0.3181', '0.2262']
[INFO] 2026-09-25 18:34:31.921559 Test[78/237] Taxonomy = chocolate Sample = chocolate_024 EDLoss = 4.3878 RLoss = 4.3983 IoU = ['0.4024', '0.3890', '0.2673', '0.1708']
[INFO] 2026-09-25 18:34:31.956206 Test[79/237] Taxonomy = chocolate Sample = chocolate_029 EDLoss = 5.2924 RLoss = 5.2919 IoU = ['0.3630', '0.3427', '0.2095', '0.1212']
[INFO] 2026-09-25 18:34:32.003607 Test[80/237] Taxonomy = cup Sample = cup_003 EDLoss = 5.7331 RLoss = 5.8108 IoU = ['0.2250', '0.1693', '0.1217', '0.1106']
[INFO] 2026-09-25 18:34:32.052403 Test[81/237] Taxonomy = cup Sample = cup_004 EDLoss = 5.0704 RLoss = 5.0938 IoU = ['0.3303', '0.2671', '0.1655', '0.0995']
[INFO] 2026-09-25 18:34:32.089190 Test[82/237] Taxonomy = cup Sample = cup_005 EDLoss = 5.2186 RLoss = 5.1913 IoU = ['0.3147', '0.3066', '0.2195', '0.1201']
[INFO] 2026-09-25 18:34:32.131230 Test[83/237] Taxonomy = cup Sample = cup_011 EDLoss = 4.8110 RLoss = 4.7872 IoU = ['0.3329', '0.2943', '0.2185', '0.1046']
[INFO] 2026-09-25 18:34:32.156423 Test[84/237] Taxonomy = cup Sample = cup_021 EDLoss = 4.4903 RLoss = 4.4987 IoU = ['0.3291', '0.3895', '0.3343', '0.2451']
[INFO] 2026-09-25 18:34:32.193340 Test[85/237] Taxonomy = cup Sample = cup_022 EDLoss = 5.9618 RLoss = 5.9803 IoU = ['0.3156', '0.2768', '0.1906', '0.1197']
[INFO] 2026-09-25 18:34:32.227472 Test[86/237] Taxonomy = dish Sample = dish_003 EDLoss = 5.9868 RLoss = 6.0362 IoU = ['0.2494', '0.1673', '0.0977', '0.0415']
[INFO] 2026-09-25 18:34:32.260645 Test[87/237] Taxonomy = dish Sample = dish_004 EDLoss = 6.4027 RLoss = 6.4151 IoU = ['0.2757', '0.1937', '0.1381', '0.0918']
[INFO] 2026-09-25 18:34:32.291927 Test[88/237] Taxonomy = dish Sample = dish_011 EDLoss = 6.0410 RLoss = 6.0814 IoU = ['0.2923', '0.2369', '0.1389', '0.0910']
[INFO] 2026-09-25 18:34:32.336490 Test[89/237] Taxonomy = dustbin Sample = dustbin_005 EDLoss = 5.2051 RLoss = 5.1598 IoU = ['0.3688', '0.3935', '0.3494', '0.2099']
[INFO] 2026-09-25 18:34:32.374149 Test[90/237] Taxonomy = dustbin Sample = dustbin_007 EDLoss = 5.5081 RLoss = 5.5328 IoU = ['0.3252', '0.2764', '0.1514', '0.0773']
[INFO] 2026-09-25 18:34:32.409976 Test[91/237] Taxonomy = dustbin Sample = dustbin_020 EDLoss = 5.4687 RLoss = 5.4879 IoU = ['0.3276', '0.2825', '0.1540', '0.0674']
[INFO] 2026-09-25 18:34:32.447390 Test[92/237] Taxonomy = facial_cream Sample = facial_cream_003 EDLoss = 4.2421 RLoss = 4.2195 IoU = ['0.3841', '0.4356', '0.4111', '0.2768']
[INFO] 2026-09-25 18:34:32.485386 Test[93/237] Taxonomy = facial_cream Sample = facial_cream_004 EDLoss = 4.1883 RLoss = 4.1866 IoU = ['0.4310', '0.4479', '0.3430', '0.2608']
[INFO] 2026-09-25 18:34:32.519613 Test[94/237] Taxonomy = facial_cream Sample = facial_cream_005 EDLoss = 5.0906 RLoss = 5.0939 IoU = ['0.2748', '0.2277', '0.1837', '0.1256']
[INFO] 2026-09-25 18:34:32.555516 Test[95/237] Taxonomy = facial_cream Sample = facial_cream_011 EDLoss = 4.3259 RLoss = 4.3151 IoU = ['0.3583', '0.4164', '0.3712', '0.2554']
[INFO] 2026-09-25 18:34:32.601114 Test[96/237] Taxonomy = facial_cream Sample = facial_cream_021 EDLoss = 4.0786 RLoss = 4.0439 IoU = ['0.5140', '0.6031', '0.5121', '0.3226']
[INFO] 2026-09-25 18:34:32.634387 Test[97/237] Taxonomy = facial_cream Sample = facial_cream_022 EDLoss = 5.2948 RLoss = 5.3261 IoU = ['0.1950', '0.1963', '0.1897', '0.1644']
[INFO] 2026-09-25 18:34:32.678256 Test[98/237] Taxonomy = fire_extinguisher Sample = fire_extinguisher_003 EDLoss = 4.8266 RLoss = 4.8461 IoU = ['0.2864', '0.2757', '0.2403', '0.1370']
[INFO] 2026-09-25 18:34:32.722717 Test[99/237] Taxonomy = fire_extinguisher Sample = fire_extinguisher_004 EDLoss = 4.6381 RLoss = 4.6405 IoU = ['0.3209', '0.3297', '0.3023', '0.2185']
[INFO] 2026-09-25 18:34:32.753501 Test[100/237] Taxonomy = fire_extinguisher Sample = fire_extinguisher_012 EDLoss = 4.7025 RLoss = 4.7211 IoU = ['0.3318', '0.3381', '0.2857', '0.2109']
[INFO] 2026-09-25 18:34:32.789336 Test[101/237] Taxonomy = flash_light Sample = flash_light_003 EDLoss = 5.3738 RLoss = 5.4296 IoU = ['0.1921', '0.1659', '0.1077', '0.0881']
[INFO] 2026-09-25 18:34:32.824246 Test[102/237] Taxonomy = fork Sample = fork_003 EDLoss = 4.3703 RLoss = 4.7641 IoU = ['0.0848', '0.0828', '0.0660', '0.0385']
[INFO] 2026-09-25 18:34:32.861201 Test[103/237] Taxonomy = glasses Sample = glasses_003 EDLoss = 4.2616 RLoss = 4.2778 IoU = ['0.1717', '0.1461', '0.0881', '0.0260']
[INFO] 2026-09-25 18:34:32.891565 Test[104/237] Taxonomy = glasses_case Sample = glasses_case_003 EDLoss = 4.9229 RLoss = 4.8888 IoU = ['0.3764', '0.3914', '0.3854', '0.2421']
[INFO] 2026-09-25 18:34:32.936079 Test[105/237] Taxonomy = glasses_case Sample = glasses_case_004 EDLoss = 5.3733 RLoss = 5.3398 IoU = ['0.2793', '0.2996', '0.2519', '0.1242']
[INFO] 2026-09-25 18:34:32.974618 Test[106/237] Taxonomy = glasses_case Sample = glasses_case_005 EDLoss = 4.6853 RLoss = 4.6536 IoU = ['0.3687', '0.3542', '0.2968', '0.1754']
[INFO] 2026-09-25 18:34:33.001297 Test[107/237] Taxonomy = glasses_case Sample = glasses_case_019 EDLoss = 4.3229 RLoss = 4.3131 IoU = ['0.4147', '0.3972', '0.3590', '0.2946']
[INFO] 2026-09-25 18:34:33.035840 Test[108/237] Taxonomy = glasses_case Sample = glasses_case_021 EDLoss = 4.7373 RLoss = 4.6839 IoU = ['0.3750', '0.3548', '0.3101', '0.1935']
[INFO] 2026-09-25 18:34:33.061115 Test[109/237] Taxonomy = glasses_case Sample = glasses_case_036 EDLoss = 4.3963 RLoss = 4.3737 IoU = ['0.3968', '0.4096', '0.3465', '0.2607']
[INFO] 2026-09-25 18:34:33.091483 Test[110/237] Taxonomy = hairpin Sample = hairpin_005 EDLoss = 5.3808 RLoss = 5.2528 IoU = ['0.2453', '0.2238', '0.1947', '0.1512']
[INFO] 2026-09-25 18:34:33.128050 Test[111/237] Taxonomy = hairpin Sample = hairpin_011 EDLoss = 5.4933 RLoss = 5.5552 IoU = ['0.2330', '0.1766', '0.0920', '0.0125']
[INFO] 2026-09-25 18:34:33.162486 Test[112/237] Taxonomy = hairpin Sample = hairpin_012 EDLoss = 6.1083 RLoss = 6.2012 IoU = ['0.1722', '0.0808', '0.0458', '0.0271']
[INFO] 2026-09-25 18:34:33.193517 Test[113/237] Taxonomy = hairpin Sample = hairpin_022 EDLoss = 5.3035 RLoss = 5.2957 IoU = ['0.2280', '0.1372', '0.0475', '0.0046']
[INFO] 2026-09-25 18:34:33.229335 Test[114/237] Taxonomy = hammer Sample = hammer_011 EDLoss = 4.4588 RLoss = 4.1540 IoU = ['0.3325', '0.3594', '0.3142', '0.2214']
[INFO] 2026-09-25 18:34:33.263853 Test[115/237] Taxonomy = hammer Sample = hammer_018 EDLoss = 4.8093 RLoss = 4.6380 IoU = ['0.2005', '0.2003', '0.1859', '0.1416']
[INFO] 2026-09-25 18:34:33.295034 Test[116/237] Taxonomy = hammer Sample = hammer_021 EDLoss = 5.6695 RLoss = 5.8150 IoU = ['0.2070', '0.2085', '0.1923', '0.1584']
[INFO] 2026-09-25 18:34:33.327328 Test[117/237] Taxonomy = hand_cream Sample = hand_cream_003 EDLoss = 5.0736 RLoss = 5.2418 IoU = ['0.2401', '0.2012', '0.1506', '0.1026']
[INFO] 2026-09-25 18:34:33.365334 Test[118/237] Taxonomy = hand_cream Sample = hand_cream_004 EDLoss = 4.8935 RLoss = 4.9221 IoU = ['0.2893', '0.2203', '0.1894', '0.1558']
[INFO] 2026-09-25 18:34:33.402749 Test[119/237] Taxonomy = hand_cream Sample = hand_cream_005 EDLoss = 4.7601 RLoss = 4.7658 IoU = ['0.2927', '0.2262', '0.2020', '0.1565']
[INFO] 2026-09-25 18:34:33.439030 Test[120/237] Taxonomy = hand_cream Sample = hand_cream_011 EDLoss = 6.0540 RLoss = 6.1156 IoU = ['0.2141', '0.1585', '0.1097', '0.0825']
[INFO] 2026-09-25 18:34:33.470460 Test[121/237] Taxonomy = hand_cream Sample = hand_cream_022 EDLoss = 4.6542 RLoss = 4.5667 IoU = ['0.2561', '0.2434', '0.1418', '0.0632']
[INFO] 2026-09-25 18:34:33.503697 Test[122/237] Taxonomy = hand_cream Sample = hand_cream_023 EDLoss = 4.7264 RLoss = 4.7439 IoU = ['0.2807', '0.2473', '0.1805', '0.1404']
[INFO] 2026-09-25 18:34:33.552245 Test[123/237] Taxonomy = house Sample = house_003 EDLoss = 5.8559 RLoss = 5.8783 IoU = ['0.3640', '0.2881', '0.1032', '0.0289']
[INFO] 2026-09-25 18:34:33.589132 Test[124/237] Taxonomy = house Sample = house_005 EDLoss = 6.0763 RLoss = 6.1332 IoU = ['0.2348', '0.1829', '0.1407', '0.1004']
[INFO] 2026-09-25 18:34:33.635926 Test[125/237] Taxonomy = house Sample = house_021 EDLoss = 5.5910 RLoss = 5.6171 IoU = ['0.2910', '0.2404', '0.1765', '0.0945']
[INFO] 2026-09-25 18:34:33.683340 Test[126/237] Taxonomy = house Sample = house_022 EDLoss = 5.9138 RLoss = 5.9432 IoU = ['0.2545', '0.2221', '0.1489', '0.0524']
[INFO] 2026-09-25 18:34:33.728144 Test[127/237] Taxonomy = house Sample = house_023 EDLoss = 5.7379 RLoss = 5.7765 IoU = ['0.2340', '0.2195', '0.1781', '0.1135']
[INFO] 2026-09-25 18:34:33.767021 Test[128/237] Taxonomy = house Sample = house_042 EDLoss = 5.4111 RLoss = 5.3952 IoU = ['0.3074', '0.2869', '0.1933', '0.0952']
[INFO] 2026-09-25 18:34:33.802445 Test[129/237] Taxonomy = kennel Sample = kennel_003 EDLoss = 6.2957 RLoss = 6.2301 IoU = ['0.3759', '0.3773', '0.2584', '0.1218']
[INFO] 2026-09-25 18:34:33.846465 Test[130/237] Taxonomy = kettle Sample = kettle_003 EDLoss = 4.7352 RLoss = 4.7485 IoU = ['0.3442', '0.3989', '0.3369', '0.2159']
[INFO] 2026-09-25 18:34:33.884548 Test[131/237] Taxonomy = kettle Sample = kettle_016 EDLoss = 4.6585 RLoss = 4.6752 IoU = ['0.3336', '0.3600', '0.3155', '0.2260']
[INFO] 2026-09-25 18:34:33.910091 Test[132/237] Taxonomy = keyboard Sample = keyboard_003 EDLoss = 6.1145 RLoss = 6.1324 IoU = ['0.3417', '0.2410', '0.1403', '0.0723']
[INFO] 2026-09-25 18:34:33.943790 Test[133/237] Taxonomy = keyboard Sample = keyboard_012 EDLoss = 4.6534 RLoss = 4.6627 IoU = ['0.1651', '0.1410', '0.1050', '0.0441']
[INFO] 2026-09-25 18:34:33.983961 Test[134/237] Taxonomy = knife Sample = knife_005 EDLoss = 5.6532 RLoss = 5.6869 IoU = ['0.1545', '0.1425', '0.1422', '0.1109']
[INFO] 2026-09-25 18:34:34.018548 Test[135/237] Taxonomy = knife Sample = knife_012 EDLoss = 4.3389 RLoss = 4.3013 IoU = ['0.2073', '0.1837', '0.1413', '0.1012']
[INFO] 2026-09-25 18:34:34.046584 Test[136/237] Taxonomy = knife Sample = knife_017 EDLoss = 6.2804 RLoss = 6.1543 IoU = ['0.2627', '0.2457', '0.2122', '0.1636']
[INFO] 2026-09-25 18:34:34.079859 Test[137/237] Taxonomy = knife Sample = knife_021 EDLoss = 5.6807 RLoss = 5.8860 IoU = ['0.2025', '0.1424', '0.1033', '0.0793']
[INFO] 2026-09-25 18:34:34.122103 Test[138/237] Taxonomy = laptop Sample = laptop_004 EDLoss = 5.3368 RLoss = 5.3157 IoU = ['0.2898', '0.2735', '0.2039', '0.1374']
[INFO] 2026-09-25 18:34:34.165720 Test[139/237] Taxonomy = lipstick Sample = lipstick_005 EDLoss = 4.0821 RLoss = 4.0717 IoU = ['0.4374', '0.5598', '0.4229', '0.2401']
[INFO] 2026-09-25 18:34:34.197516 Test[140/237] Taxonomy = lipstick Sample = lipstick_011 EDLoss = 4.0512 RLoss = 4.0051 IoU = ['0.4573', '0.5429', '0.4362', '0.3130']
[INFO] 2026-09-25 18:34:34.233477 Test[141/237] Taxonomy = lipstick Sample = lipstick_012 EDLoss = 5.0300 RLoss = 5.0109 IoU = ['0.2929', '0.2635', '0.2565', '0.1937']
[INFO] 2026-09-25 18:34:34.269976 Test[142/237] Taxonomy = lipstick Sample = lipstick_025 EDLoss = 4.8422 RLoss = 4.7769 IoU = ['0.3631', '0.4255', '0.2767', '0.1046']
[INFO] 2026-09-25 18:34:34.312524 Test[143/237] Taxonomy = medicine_bottle Sample = medicine_bottle_006 EDLoss = 4.5425 RLoss = 4.5049 IoU = ['0.4488', '0.5481', '0.3936', '0.1992']
[INFO] 2026-09-25 18:34:34.356216 Test[144/237] Taxonomy = medicine_bottle Sample = medicine_bottle_009 EDLoss = 4.0636 RLoss = 4.0506 IoU = ['0.4788', '0.6331', '0.5082', '0.2898']
[INFO] 2026-09-25 18:34:34.391970 Test[145/237] Taxonomy = medicine_bottle Sample = medicine_bottle_017 EDLoss = 4.3565 RLoss = 4.3384 IoU = ['0.4476', '0.6029', '0.4315', '0.2043']
[INFO] 2026-09-25 18:34:34.432177 Test[146/237] Taxonomy = medicine_bottle Sample = medicine_bottle_035 EDLoss = 4.3154 RLoss = 4.2705 IoU = ['0.4638', '0.5891', '0.4395', '0.2406']
[INFO] 2026-09-25 18:34:34.470804 Test[147/237] Taxonomy = medicine_bottle Sample = medicine_bottle_040 EDLoss = 4.1297 RLoss = 4.0602 IoU = ['0.4615', '0.5865', '0.4512', '0.2701']
[INFO] 2026-09-25 18:34:34.516375 Test[148/237] Taxonomy = medicine_bottle Sample = medicine_bottle_044 EDLoss = 4.0413 RLoss = 4.0153 IoU = ['0.4762', '0.6249', '0.4926', '0.2815']
[INFO] 2026-09-25 18:34:34.552788 Test[149/237] Taxonomy = medicine_bottle Sample = medicine_bottle_050 EDLoss = 4.1470 RLoss = 4.1271 IoU = ['0.4457', '0.5214', '0.4444', '0.2594']
[INFO] 2026-09-25 18:34:34.597041 Test[150/237] Taxonomy = medicine_bottle Sample = medicine_bottle_052 EDLoss = 5.0518 RLoss = 5.0105 IoU = ['0.3798', '0.3216', '0.2177', '0.1182']
[INFO] 2026-09-25 18:34:34.635851 Test[151/237] Taxonomy = medicine_bottle Sample = medicine_bottle_056 EDLoss = 4.0191 RLoss = 3.9996 IoU = ['0.4792', '0.6436', '0.5075', '0.2769']
[INFO] 2026-09-25 18:34:34.678452 Test[152/237] Taxonomy = medicine_bottle Sample = medicine_bottle_068 EDLoss = 4.4293 RLoss = 4.3875 IoU = ['0.4491', '0.5185', '0.3728', '0.1928']
[INFO] 2026-09-25 18:34:34.717188 Test[153/237] Taxonomy = medicine_bottle Sample = medicine_bottle_071 EDLoss = 4.2993 RLoss = 4.2560 IoU = ['0.3819', '0.4428', '0.4262', '0.3057']
[INFO] 2026-09-25 18:34:34.752913 Test[154/237] Taxonomy = medicine_bottle Sample = medicine_bottle_072 EDLoss = 4.0534 RLoss = 4.0347 IoU = ['0.4551', '0.5389', '0.4712', '0.2653']
[INFO] 2026-09-25 18:34:34.798218 Test[155/237] Taxonomy = microwaveoven Sample = microwaveoven_005 EDLoss = 5.4158 RLoss = 5.3874 IoU = ['0.3730', '0.3555', '0.2839', '0.1750']
[INFO] 2026-09-25 18:34:34.835951 Test[156/237] Taxonomy = monitor Sample = monitor_003 EDLoss = 5.6663 RLoss = 5.8692 IoU = ['0.2448', '0.1940', '0.1534', '0.0867']
[INFO] 2026-09-25 18:34:34.867386 Test[157/237] Taxonomy = mouse Sample = mouse_003 EDLoss = 5.0459 RLoss = 5.0562 IoU = ['0.3067', '0.2744', '0.2108', '0.1527']
[INFO] 2026-09-25 18:34:34.902124 Test[158/237] Taxonomy = mouse Sample = mouse_012 EDLoss = 4.6837 RLoss = 4.6852 IoU = ['0.3681', '0.3438', '0.2661', '0.1788']
[INFO] 2026-09-25 18:34:34.939568 Test[159/237] Taxonomy = mouse Sample = mouse_022 EDLoss = 4.7739 RLoss = 4.7664 IoU = ['0.3057', '0.2732', '0.2299', '0.1427']
[INFO] 2026-09-25 18:34:34.971202 Test[160/237] Taxonomy = mouse Sample = mouse_028 EDLoss = 4.7659 RLoss = 4.7570 IoU = ['0.3479', '0.3032', '0.2385', '0.1767']
[INFO] 2026-09-25 18:34:35.013719 Test[161/237] Taxonomy = ornaments Sample = ornaments_006 EDLoss = 5.9363 RLoss = 5.9913 IoU = ['0.1623', '0.1219', '0.0953', '0.0793']
[INFO] 2026-09-25 18:34:35.061406 Test[162/237] Taxonomy = pan Sample = pan_003 EDLoss = 4.7990 RLoss = 4.8170 IoU = ['0.1843', '0.1823', '0.1566', '0.0943']
[INFO] 2026-09-25 18:34:35.095927 Test[163/237] Taxonomy = pen Sample = pen_004 EDLoss = 5.6933 RLoss = 5.3730 IoU = ['0.3320', '0.3075', '0.2643', '0.2191']
[INFO] 2026-09-25 18:34:35.129455 Test[164/237] Taxonomy = plug Sample = plug_002 EDLoss = 5.2708 RLoss = 5.2711 IoU = ['0.2595', '0.2838', '0.2927', '0.2063']
[INFO] 2026-09-25 18:34:35.169817 Test[165/237] Taxonomy = popcorn Sample = popcorn_005 EDLoss = 4.5406 RLoss = 4.5791 IoU = ['0.3885', '0.3498', '0.2457', '0.1278']
[INFO] 2026-09-25 18:34:35.205625 Test[166/237] Taxonomy = popcorn Sample = popcorn_022 EDLoss = 4.6752 RLoss = 4.7240 IoU = ['0.3061', '0.2878', '0.2042', '0.1334']
[INFO] 2026-09-25 18:34:35.257059 Test[167/237] Taxonomy = popcorn Sample = popcorn_025 EDLoss = 4.5204 RLoss = 4.5543 IoU = ['0.3848', '0.3610', '0.2468', '0.1370']
[INFO] 2026-09-25 18:34:35.302357 Test[168/237] Taxonomy = popcorn Sample = popcorn_027 EDLoss = 4.7362 RLoss = 4.7747 IoU = ['0.3346', '0.3193', '0.1979', '0.0979']
[INFO] 2026-09-25 18:34:35.353373 Test[169/237] Taxonomy = popcorn Sample = popcorn_028 EDLoss = 5.4243 RLoss = 5.4822 IoU = ['0.1973', '0.1489', '0.0775', '0.0529']
[INFO] 2026-09-25 18:34:35.398858 Test[170/237] Taxonomy = popcorn Sample = popcorn_035 EDLoss = 4.9867 RLoss = 5.0761 IoU = ['0.2749', '0.2277', '0.1582', '0.1212']
[INFO] 2026-09-25 18:34:35.441411 Test[171/237] Taxonomy = potato_chips Sample = potato_chips_005 EDLoss = 6.1580 RLoss = 6.1208 IoU = ['0.2337', '0.1378', '0.0769', '0.0336']
[INFO] 2026-09-25 18:34:35.481469 Test[172/237] Taxonomy = potato_chips Sample = potato_chips_007 EDLoss = 5.5595 RLoss = 5.5835 IoU = ['0.2699', '0.2029', '0.1445', '0.0664']
[INFO] 2026-09-25 18:34:35.528165 Test[173/237] Taxonomy = power_strip Sample = power_strip_003 EDLoss = 4.7013 RLoss = 4.6693 IoU = ['0.3959', '0.3676', '0.3233', '0.2284']
[INFO] 2026-09-25 18:34:35.565608 Test[174/237] Taxonomy = power_strip Sample = power_strip_004 EDLoss = 4.9358 RLoss = 4.8930 IoU = ['0.3577', '0.3333', '0.3167', '0.2025']
[INFO] 2026-09-25 18:34:35.595946 Test[175/237] Taxonomy = power_strip Sample = power_strip_005 EDLoss = 5.0314 RLoss = 5.0146 IoU = ['0.3588', '0.3393', '0.2680', '0.1573']
[INFO] 2026-09-25 18:34:35.628850 Test[176/237] Taxonomy = power_strip Sample = power_strip_031 EDLoss = 6.1189 RLoss = 6.0829 IoU = ['0.2424', '0.2313', '0.2000', '0.1353']
[INFO] 2026-09-25 18:34:35.665447 Test[177/237] Taxonomy = power_strip Sample = power_strip_034 EDLoss = 4.8576 RLoss = 4.8314 IoU = ['0.3583', '0.3437', '0.2999', '0.1813']
[INFO] 2026-09-25 18:34:35.704234 Test[178/237] Taxonomy = projector Sample = projector_005 EDLoss = 5.6442 RLoss = 5.5976 IoU = ['0.3098', '0.3440', '0.3030', '0.1208']
[INFO] 2026-09-25 18:34:35.745682 Test[179/237] Taxonomy = projector Sample = projector_007 EDLoss = 5.0570 RLoss = 5.0148 IoU = ['0.4116', '0.3565', '0.3224', '0.2003']
[INFO] 2026-09-25 18:34:35.793100 Test[180/237] Taxonomy = puff Sample = puff_014 EDLoss = 4.5976 RLoss = 4.6511 IoU = ['0.3812', '0.3373', '0.2509', '0.1850']
[INFO] 2026-09-25 18:34:35.824839 Test[181/237] Taxonomy = puff Sample = puff_022 EDLoss = 5.1388 RLoss = 5.1851 IoU = ['0.3225', '0.2867', '0.1957', '0.1022']
[INFO] 2026-09-25 18:34:35.869809 Test[182/237] Taxonomy = puff Sample = puff_025 EDLoss = 4.1295 RLoss = 4.1564 IoU = ['0.4161', '0.4228', '0.3193', '0.2297']
[INFO] 2026-09-25 18:34:35.906877 Test[183/237] Taxonomy = razor Sample = razor_003 EDLoss = 4.7670 RLoss = 4.7912 IoU = ['0.1303', '0.1335', '0.1137', '0.0727']
[INFO] 2026-09-25 18:34:35.943379 Test[184/237] Taxonomy = razor Sample = razor_010 EDLoss = 4.1087 RLoss = 4.1002 IoU = ['0.1688', '0.1801', '0.1854', '0.1498']
[INFO] 2026-09-25 18:34:35.989543 Test[185/237] Taxonomy = red_wine_glass Sample = red_wine_glass_011 EDLoss = 4.8417 RLoss = 4.8597 IoU = ['0.1727', '0.1544', '0.1213', '0.1111']
[INFO] 2026-09-25 18:34:36.024582 Test[186/237] Taxonomy = red_wine_glass Sample = red_wine_glass_019 EDLoss = 5.0173 RLoss = 5.0403 IoU = ['0.1672', '0.1493', '0.1178', '0.1141']
[INFO] 2026-09-25 18:34:36.062826 Test[187/237] Taxonomy = red_wine_glass Sample = red_wine_glass_025 EDLoss = 5.5308 RLoss = 5.5788 IoU = ['0.2089', '0.1898', '0.1432', '0.0928']
[INFO] 2026-09-25 18:34:36.104513 Test[188/237] Taxonomy = remote_control Sample = remote_control_003 EDLoss = 4.4683 RLoss = 4.4598 IoU = ['0.4277', '0.4204', '0.3202', '0.2192']
[INFO] 2026-09-25 18:34:36.138677 Test[189/237] Taxonomy = remote_control Sample = remote_control_012 EDLoss = 5.2763 RLoss = 5.2280 IoU = ['0.3028', '0.2514', '0.1866', '0.0838']
[INFO] 2026-09-25 18:34:36.173984 Test[190/237] Taxonomy = remote_control Sample = remote_control_020 EDLoss = 5.4716 RLoss = 5.4052 IoU = ['0.3047', '0.2725', '0.2279', '0.1374']
[INFO] 2026-09-25 18:34:36.207112 Test[191/237] Taxonomy = remote_control Sample = remote_control_024 EDLoss = 5.6609 RLoss = 5.6895 IoU = ['0.3639', '0.3513', '0.2422', '0.1460']
[INFO] 2026-09-25 18:34:36.244360 Test[192/237] Taxonomy = remote_control Sample = remote_control_026 EDLoss = 4.2589 RLoss = 4.2075 IoU = ['0.3923', '0.4341', '0.3219', '0.1705']
[INFO] 2026-09-25 18:34:36.283668 Test[193/237] Taxonomy = ricecooker Sample = ricecooker_005 EDLoss = 4.5966 RLoss = 4.5860 IoU = ['0.4005', '0.4169', '0.2967', '0.1671']
[INFO] 2026-09-25 18:34:36.326177 Test[194/237] Taxonomy = scissor Sample = scissor_003 EDLoss = 4.7204 RLoss = 4.5273 IoU = ['0.3334', '0.3242', '0.2236', '0.0865']
[INFO/Process-1] process shutting down
[INFO/Process-1] process exiting with exitcode 0
[INFO] 2026-09-25 18:34:36.357427 Test[195/237] Taxonomy = scissor Sample = scissor_004 EDLoss = 5.2794 RLoss = 5.3254 IoU = ['0.3288', '0.2962', '0.2344', '0.1575']
[INFO] 2026-09-25 18:34:36.388573 Test[196/237] Taxonomy = scissor Sample = scissor_011 EDLoss = 6.9215 RLoss = 6.9873 IoU = ['0.1863', '0.1364', '0.0918', '0.0512']
[INFO] 2026-09-25 18:34:36.427601 Test[197/237] Taxonomy = shampoo Sample = shampoo_003 EDLoss = 4.1484 RLoss = 4.1280 IoU = ['0.4362', '0.5186', '0.4273', '0.2386']
[INFO] 2026-09-25 18:34:36.463509 Test[198/237] Taxonomy = shampoo Sample = shampoo_004 EDLoss = 4.5559 RLoss = 4.4947 IoU = ['0.3950', '0.5115', '0.3885', '0.1722']
[INFO] 2026-09-25 18:34:36.496943 Test[199/237] Taxonomy = shampoo Sample = shampoo_005 EDLoss = 4.3098 RLoss = 4.3107 IoU = ['0.3288', '0.4419', '0.3870', '0.1998']
[INFO] 2026-09-25 18:34:36.531233 Test[200/237] Taxonomy = shampoo Sample = shampoo_011 EDLoss = 4.4543 RLoss = 4.4376 IoU = ['0.3524', '0.3815', '0.3353', '0.2166']
[INFO] 2026-09-25 18:34:36.565620 Test[201/237] Taxonomy = shampoo Sample = shampoo_021 EDLoss = 4.5204 RLoss = 4.4267 IoU = ['0.4273', '0.4710', '0.4310', '0.2646']
[INFO] 2026-09-25 18:34:36.604783 Test[202/237] Taxonomy = shampoo Sample = shampoo_022 EDLoss = 4.2103 RLoss = 4.1847 IoU = ['0.3834', '0.4482', '0.4316', '0.2604']
[INFO] 2026-09-25 18:34:36.636928 Test[203/237] Taxonomy = soap Sample = soap_003 EDLoss = 6.0456 RLoss = 5.9918 IoU = ['0.3241', '0.3055', '0.2158', '0.1111']
[INFO] 2026-09-25 18:34:36.676462 Test[204/237] Taxonomy = soap Sample = soap_004 EDLoss = 5.1597 RLoss = 5.0967 IoU = ['0.3480', '0.3748', '0.3720', '0.2869']
[INFO] 2026-09-25 18:34:36.705795 Test[205/237] Taxonomy = soap Sample = soap_005 EDLoss = 5.5226 RLoss = 5.4827 IoU = ['0.3725', '0.3556', '0.3009', '0.2011']
[INFO] 2026-09-25 18:34:36.741376 Test[206/237] Taxonomy = soap Sample = soap_019 EDLoss = 5.5895 RLoss = 5.5656 IoU = ['0.3929', '0.3647', '0.2775', '0.1366']
[INFO] 2026-09-25 18:34:36.779612 Test[207/237] Taxonomy = soap Sample = soap_021 EDLoss = 5.6302 RLoss = 5.6380 IoU = ['0.2791', '0.2464', '0.1810', '0.1004']
[INFO] 2026-09-25 18:34:36.811910 Test[208/237] Taxonomy = soap Sample = soap_035 EDLoss = 7.1432 RLoss = 7.4606 IoU = ['0.2425', '0.1889', '0.1210', '0.0548']
[INFO] 2026-09-25 18:34:36.844906 Test[209/237] Taxonomy = speaker Sample = speaker_005 EDLoss = 5.7198 RLoss = 5.6963 IoU = ['0.3302', '0.2972', '0.2149', '0.0980']
[INFO] 2026-09-25 18:34:36.891265 Test[210/237] Taxonomy = tape_measure Sample = tape_measure_006 EDLoss = 5.3807 RLoss = 5.3068 IoU = ['0.3477', '0.3054', '0.1655', '0.0643']
[INFO] 2026-09-25 18:34:36.932169 Test[211/237] Taxonomy = tape_measure Sample = tape_measure_021 EDLoss = 4.7967 RLoss = 4.8120 IoU = ['0.3912', '0.3586', '0.2316', '0.1280']
[INFO] 2026-09-25 18:34:36.973165 Test[212/237] Taxonomy = tape_measure Sample = tape_measure_023 EDLoss = 5.1301 RLoss = 5.1323 IoU = ['0.4042', '0.3030', '0.1812', '0.1020']
[INFO] 2026-09-25 18:34:37.022294 Test[213/237] Taxonomy = teapot Sample = teapot_003 EDLoss = 5.0967 RLoss = 5.1241 IoU = ['0.1855', '0.1683', '0.1695', '0.1762']
[INFO] 2026-09-25 18:34:37.060729 Test[214/237] Taxonomy = teapot Sample = teapot_004 EDLoss = 4.8394 RLoss = 4.8481 IoU = ['0.3309', '0.3150', '0.2715', '0.2042']
[INFO] 2026-09-25 18:34:37.094814 Test[215/237] Taxonomy = teapot Sample = teapot_005 EDLoss = 5.0059 RLoss = 5.0432 IoU = ['0.2778', '0.2384', '0.1786', '0.1268']
[INFO] 2026-09-25 18:34:37.136384 Test[216/237] Taxonomy = teapot Sample = teapot_011 EDLoss = 4.6786 RLoss = 4.6761 IoU = ['0.2686', '0.2121', '0.2028', '0.1416']
[INFO] 2026-09-25 18:34:37.171023 Test[217/237] Taxonomy = teapot Sample = teapot_021 EDLoss = 5.3377 RLoss = 5.3921 IoU = ['0.1890', '0.1493', '0.1017', '0.0852']
[INFO] 2026-09-25 18:34:37.203793 Test[218/237] Taxonomy = teapot Sample = teapot_022 EDLoss = 5.1944 RLoss = 5.1960 IoU = ['0.2720', '0.2542', '0.2113', '0.1599']
[INFO] 2026-09-25 18:34:37.240820 Test[219/237] Taxonomy = thermos Sample = thermos_004 EDLoss = 4.5556 RLoss = 4.5656 IoU = ['0.3342', '0.3537', '0.3359', '0.2416']
[INFO] 2026-09-25 18:34:37.277673 Test[220/237] Taxonomy = timer Sample = timer_011 EDLoss = 5.4715 RLoss = 5.4495 IoU = ['0.1974', '0.2105', '0.1687', '0.0985']
[INFO] 2026-09-25 18:34:37.315316 Test[221/237] Taxonomy = timer Sample = timer_017 EDLoss = 5.1041 RLoss = 5.1303 IoU = ['0.2123', '0.2488', '0.2480', '0.1815']
[INFO] 2026-09-25 18:34:37.349780 Test[222/237] Taxonomy = timer Sample = timer_020 EDLoss = 5.6018 RLoss = 5.5478 IoU = ['0.3408', '0.2794', '0.1689', '0.0582']
[INFO] 2026-09-25 18:34:37.383019 Test[223/237] Taxonomy = tooth_brush Sample = tooth_brush_005 EDLoss = 5.0303 RLoss = 4.9275 IoU = ['0.2997', '0.2870', '0.2719', '0.2312']
[INFO] 2026-09-25 18:34:37.412929 Test[224/237] Taxonomy = tooth_brush Sample = tooth_brush_011 EDLoss = 4.7930 RLoss = 4.7190 IoU = ['0.3429', '0.2946', '0.2252', '0.1420']
[INFO] 2026-09-25 18:34:37.448491 Test[225/237] Taxonomy = tooth_brush Sample = tooth_brush_012 EDLoss = 3.7248 RLoss = 3.6617 IoU = ['0.4141', '0.4406', '0.4500', '0.4355']
[INFO] 2026-09-25 18:34:37.480747 Test[226/237] Taxonomy = tooth_brush Sample = tooth_brush_020 EDLoss = 4.2053 RLoss = 4.1886 IoU = ['0.3928', '0.3949', '0.3445', '0.2687']
[INFO] 2026-09-25 18:34:37.515439 Test[227/237] Taxonomy = tooth_paste Sample = tooth_paste_003 EDLoss = 4.9066 RLoss = 4.9588 IoU = ['0.2310', '0.1827', '0.1539', '0.1375']
[INFO] 2026-09-25 18:34:37.547201 Test[228/237] Taxonomy = tooth_paste Sample = tooth_paste_005 EDLoss = 5.0185 RLoss = 5.0296 IoU = ['0.2569', '0.2153', '0.1513', '0.0843']
[INFO] 2026-09-25 18:34:37.580537 Test[229/237] Taxonomy = tooth_paste Sample = tooth_paste_012 EDLoss = 5.4512 RLoss = 5.3837 IoU = ['0.3301', '0.3392', '0.2716', '0.1434']
[INFO] 2026-09-25 18:34:37.610946 Test[230/237] Taxonomy = tooth_paste Sample = tooth_paste_024 EDLoss = 4.9439 RLoss = 5.0158 IoU = ['0.2744', '0.1884', '0.1288', '0.0680']
[INFO] 2026-09-25 18:34:37.645429 Test[231/237] Taxonomy = tooth_paste Sample = tooth_paste_026 EDLoss = 5.6077 RLoss = 5.5669 IoU = ['0.3158', '0.3101', '0.2379', '0.1231']
[INFO] 2026-09-25 18:34:37.680487 Test[232/237] Taxonomy = tooth_paste Sample = tooth_paste_029 EDLoss = 4.4927 RLoss = 4.4561 IoU = ['0.3196', '0.3371', '0.2558', '0.1230']
[INFO] 2026-09-25 18:34:37.721634 Test[233/237] Taxonomy = umbrella Sample = umbrella_005 EDLoss = 6.2527 RLoss = 6.3423 IoU = ['0.1509', '0.0980', '0.0847', '0.0703']
[INFO] 2026-09-25 18:34:37.762628 Test[234/237] Taxonomy = umbrella Sample = umbrella_007 EDLoss = 5.0448 RLoss = 4.9936 IoU = ['0.3223', '0.2873', '0.1367', '0.0499']
[INFO] 2026-09-25 18:34:37.792911 Test[235/237] Taxonomy = umbrella Sample = umbrella_020 EDLoss = 5.1960 RLoss = 5.2178 IoU = ['0.3358', '0.2700', '0.1320', '0.0633']
[INFO] 2026-09-25 18:34:37.828195 Test[236/237] Taxonomy = watch Sample = watch_003 EDLoss = 5.3282 RLoss = 5.2984 IoU = ['0.3908', '0.3378', '0.2252', '0.1043']
[INFO] 2026-09-25 18:34:37.864251 Test[237/237] Taxonomy = watch Sample = watch_012 EDLoss = 5.9272 RLoss = 5.9572 IoU = ['0.2413', '0.2041', '0.1523', '0.1208']
============================ TEST RESULTS ============================
Taxonomy	#Sample	Baseline	t=0.20	t=0.30	t=0.40	t=0.50	
bed     	1	N/a		0.1876	0.1406	0.0702	0.0218	
pillow  	6	N/a		0.3437	0.3096	0.2192	0.1256	
table   	4	N/a		0.2358	0.2030	0.1529	0.0883	
stool   	2	N/a		0.3294	0.2931	0.2153	0.1326	
clock   	9	N/a		0.3084	0.2476	0.1664	0.0982	
tvstand 	1	N/a		0.3134	0.3457	0.3215	0.2023	
vase    	2	N/a		0.2444	0.2169	0.1629	0.0954	
tissue  	8	N/a		0.3528	0.3433	0.3035	0.1864	
doll    	13	N/a		0.2365	0.2051	0.1533	0.1044	
fan     	2	N/a		0.1010	0.0772	0.0593	0.0417	
suitcase	1	N/a		0.3845	0.2993	0.2255	0.1643	
battery 	1	N/a		0.4235	0.4586	0.3134	0.1590	
book    	4	N/a		0.3069	0.3129	0.2433	0.1433	
bottle  	4	N/a		0.4086	0.4690	0.3642	0.2101	
bowl    	2	N/a		0.2371	0.1874	0.0973	0.0610	
boxed_beverage	2	N/a		0.3033	0.2528	0.1993	0.1220	
brush   	4	N/a		0.2109	0.1829	0.1449	0.1024	
candle  	1	N/a		0.4241	0.4874	0.4048	0.2530	
candy   	7	N/a		0.2612	0.2530	0.1956	0.1340	
canned_beverage	1	N/a		0.4598	0.5932	0.4528	0.2093	
chocolate	4	N/a		0.3448	0.3360	0.2491	0.1571	
cup     	6	N/a		0.3079	0.2839	0.2083	0.1333	
dish    	3	N/a		0.2724	0.1993	0.1249	0.0748	
dustbin 	3	N/a		0.3405	0.3175	0.2182	0.1182	
facial_cream	6	N/a		0.3595	0.3878	0.3351	0.2343	
fire_extinguisher	3	N/a		0.3130	0.3145	0.2761	0.1888	
flash_light	1	N/a		0.1921	0.1659	0.1077	0.0881	
fork    	1	N/a		0.0848	0.0828	0.0660	0.0385	
glasses 	1	N/a		0.1717	0.1461	0.0881	0.0260	
glasses_case	6	N/a		0.3685	0.3678	0.3249	0.2151	
hairpin 	4	N/a		0.2196	0.1546	0.0950	0.0489	
hammer  	3	N/a		0.2467	0.2561	0.2308	0.1738	
hand_cream	6	N/a		0.2622	0.2161	0.1623	0.1168	
house   	6	N/a		0.2810	0.2400	0.1568	0.0808	
kennel  	1	N/a		0.3759	0.3773	0.2584	0.1218	
kettle  	2	N/a		0.3389	0.3795	0.3262	0.2210	
keyboard	2	N/a		0.2534	0.1910	0.1227	0.0582	
knife   	4	N/a		0.2067	0.1786	0.1498	0.1137	
laptop  	1	N/a		0.2898	0.2735	0.2039	0.1374	
lipstick	4	N/a		0.3877	0.4479	0.3481	0.2128	
medicine_bottle	12	N/a		0.4473	0.5476	0.4297	0.2420	
microwaveoven	1	N/a		0.3730	0.3555	0.2839	0.1750	
monitor 	1	N/a		0.2448	0.1940	0.1534	0.0867	
mouse   	4	N/a		0.3321	0.2986	0.2363	0.1627	
ornaments	1	N/a		0.1623	0.1219	0.0953	0.0793	
pan     	1	N/a		0.1843	0.1823	0.1566	0.0943	
pen     	1	N/a		0.3320	0.3075	0.2643	0.2191	
plug    	1	N/a		0.2595	0.2838	0.2927	0.2063	
popcorn 	6	N/a		0.3144	0.2824	0.1884	0.1117	
potato_chips	2	N/a		0.2518	0.1704	0.1107	0.0500	
power_strip	5	N/a		0.3426	0.3230	0.2816	0.1810	
projector	2	N/a		0.3607	0.3503	0.3127	0.1606	
puff    	3	N/a		0.3733	0.3489	0.2553	0.1723	
razor   	2	N/a		0.1496	0.1568	0.1495	0.1113	
red_wine_glass	3	N/a		0.1830	0.1645	0.1274	0.1060	
remote_control	5	N/a		0.3583	0.3459	0.2598	0.1514	
ricecooker	1	N/a		0.4005	0.4169	0.2967	0.1671	
scissor 	3	N/a		0.2828	0.2523	0.1832	0.0984	
shampoo 	6	N/a		0.3872	0.4621	0.4001	0.2254	
soap    	6	N/a		0.3265	0.3060	0.2447	0.1485	
speaker 	1	N/a		0.3302	0.2972	0.2149	0.0980	
tape_measure	3	N/a		0.3811	0.3223	0.1928	0.0981	
teapot  	6	N/a		0.2539	0.2229	0.1892	0.1490	
thermos 	1	N/a		0.3342	0.3537	0.3359	0.2416	
timer   	3	N/a		0.2502	0.2462	0.1952	0.1128	
tooth_brush	4	N/a		0.3624	0.3543	0.3229	0.2693	
tooth_paste	6	N/a		0.2880	0.2621	0.1999	0.1132	
umbrella	3	N/a		0.2696	0.2185	0.1178	0.0612	
watch   	2	N/a		0.3160	0.2709	0.1887	0.1125	
Overall 				0.3073	0.2954	0.2296	0.1432	
Macro   				0.2977	0.2843	0.2203	0.1365	

[INFO/MainProcess] process shutting down
