Use config:
{'CONST': {'BATCH_SIZE': 8,
           'CROP_IMG_H': 128,
           'CROP_IMG_W': 128,
           'DEVICE': '0',
           'IMG_H': 224,
           'IMG_W': 224,
           'N_VIEWS_RENDERING': 1,
           'N_VOX': 32,
           'RNG_SEED': 0,
           'WEIGHTS': './output/checkpoints/2026-09-25T21:38:11.694424/best-ckpt.pth'},
 'DATASET': {'MEAN': [0.5, 0.5, 0.5],
             'STD': [0.5, 0.5, 0.5],
             'TEST_DATASET': 'ShapeNet',
             'TRAIN_DATASET': 'ShapeNet'},
 'DATASETS': {'PASCAL3D': {'ANNOTATION_PATH': '/home/hzxie/Datasets/PASCAL3D/Annotations/%s_imagenet/%s.mat',
                           'RENDERING_PATH': '/home/hzxie/Datasets/PASCAL3D/Images/%s_imagenet/%s.JPEG',
                           'TAXONOMY_FILE_PATH': './datasets/Pascal3D.json',
                           'VOXEL_PATH': '/home/hzxie/Datasets/PASCAL3D/CAD/%s/%02d.binvox'},
              'PIX3D': {'ANNOTATION_PATH': '/home/hzxie/Datasets/Pix3D/pix3d.json',
                        'RENDERING_PATH': '/home/hzxie/Datasets/Pix3D/img/%s/%s.%s',
                        'TAXONOMY_FILE_PATH': './datasets/Pix3D.json',
                        'VOXEL_PATH': '/home/hzxie/Datasets/Pix3D/model/%s/%s/%s.binvox'},
              'SHAPENET': {'RENDERING_PATH': './datasets/OmniObject3D/OmniObjectRendering/%s/%s/rendering/%02d.png',
                           'TAXONOMY_FILE_PATH': './datasets/OmniObject3D/OmniObject3D.json',
                           'VOXEL_PATH': './datasets/OmniObject3D/OmniObjectVox32/%s/%s/model.mat'}},
 'DIR': {'OUT_PATH': './output',
         'RANDOM_BG_PATH': '/home/hzxie/Datasets/SUN2012/JPEGImages'},
 'NETWORK': {'LEAKY_VALUE': 0.2,
             'TCONV_USE_BIAS': False,
             'USE_MERGER': True,
             'USE_REFINER': True},
 'TEST': {'RANDOM_BG_COLOR_RANGE': [[240, 240], [240, 240], [240, 240]],
          'VOXEL_THRESH': [0.2, 0.3, 0.4, 0.5]},
 'TRAIN': {'BETAS': (0.9, 0.999),
           'BRIGHTNESS': 0.4,
           'CONTRAST': 0.4,
           'DECODER_LEARNING_RATE': 0.001,
           'DECODER_LR_MILESTONES': [150],
           'ENCODER_LEARNING_RATE': 0.001,
           'ENCODER_LR_MILESTONES': [150],
           'EPOCH_START_USE_MERGER': 0,
           'EPOCH_START_USE_REFINER': 0,
           'GAMMA': 0.5,
           'MERGER_LEARNING_RATE': 0.0001,
           'MERGER_LR_MILESTONES': [150],
           'MOMENTUM': 0.9,
           'NOISE_STD': 0.1,
           'NUM_EPOCHES': 250,
           'NUM_WORKER': 4,
           'POLICY': 'adam',
           'RANDOM_BG_COLOR_RANGE': [[225, 255], [225, 255], [225, 255]],
           'REFINER_LEARNING_RATE': 0.001,
           'REFINER_LR_MILESTONES': [150],
           'RESUME_TRAIN': False,
           'SATURATION': 0.4,
           'SAVE_FREQ': 10,
           'UPDATE_N_VIEWS_RENDERING': False,
           'VAL_FREQ': 1}}
[INFO] 2026-09-26 00:05:48.489539 Collecting files of Taxonomy[ID=bed, Name=bed]
[INFO] 2026-09-26 00:05:48.508644 Collecting files of Taxonomy[ID=pillow, Name=pillow]
[INFO] 2026-09-26 00:05:48.544726 Collecting files of Taxonomy[ID=table, Name=table]
[INFO] 2026-09-26 00:05:48.572772 Collecting files of Taxonomy[ID=stool, Name=stool]
[INFO] 2026-09-26 00:05:48.588619 Collecting files of Taxonomy[ID=clock, Name=clock]
[INFO] 2026-09-26 00:05:48.635373 Collecting files of Taxonomy[ID=tvstand, Name=tvstand]
[INFO] 2026-09-26 00:05:48.640121 Collecting files of Taxonomy[ID=vase, Name=vase]
[INFO] 2026-09-26 00:05:48.649484 Collecting files of Taxonomy[ID=tissue, Name=tissue]
[INFO] 2026-09-26 00:05:48.702709 Collecting files of Taxonomy[ID=doll, Name=doll]
[INFO] 2026-09-26 00:05:48.778243 Collecting files of Taxonomy[ID=fan, Name=fan]
[INFO] 2026-09-26 00:05:48.792643 Collecting files of Taxonomy[ID=suitcase, Name=suitcase]
[INFO] 2026-09-26 00:05:48.798864 Collecting files of Taxonomy[ID=battery, Name=battery]
[INFO] 2026-09-26 00:05:48.805983 Collecting files of Taxonomy[ID=book, Name=book]
[INFO] 2026-09-26 00:05:48.829997 Collecting files of Taxonomy[ID=bottle, Name=bottle]
[INFO] 2026-09-26 00:05:48.861973 Collecting files of Taxonomy[ID=bowl, Name=bowl]
[INFO] 2026-09-26 00:05:48.873038 Collecting files of Taxonomy[ID=boxed_beverage, Name=boxed_beverage]
[INFO] 2026-09-26 00:05:48.889177 Collecting files of Taxonomy[ID=brush, Name=brush]
[INFO] 2026-09-26 00:05:48.911317 Collecting files of Taxonomy[ID=candle, Name=candle]
[INFO] 2026-09-26 00:05:48.918093 Collecting files of Taxonomy[ID=candy, Name=candy]
[INFO] 2026-09-26 00:05:48.956160 Collecting files of Taxonomy[ID=canned_beverage, Name=canned_beverage]
[INFO] 2026-09-26 00:05:48.963207 Collecting files of Taxonomy[ID=chocolate, Name=chocolate]
[INFO] 2026-09-26 00:05:48.986897 Collecting files of Taxonomy[ID=cup, Name=cup]
[INFO] 2026-09-26 00:05:49.026128 Collecting files of Taxonomy[ID=dish, Name=dish]
[INFO] 2026-09-26 00:05:49.048574 Collecting files of Taxonomy[ID=dustbin, Name=dustbin]
[INFO] 2026-09-26 00:05:49.066856 Collecting files of Taxonomy[ID=facial_cream, Name=facial_cream]
[INFO] 2026-09-26 00:05:49.101766 Collecting files of Taxonomy[ID=fire_extinguisher, Name=fire_extinguisher]
[INFO] 2026-09-26 00:05:49.121825 Collecting files of Taxonomy[ID=flash_light, Name=flash_light]
[INFO] 2026-09-26 00:05:49.128274 Collecting files of Taxonomy[ID=fork, Name=fork]
[INFO] 2026-09-26 00:05:49.140307 Collecting files of Taxonomy[ID=glasses, Name=glasses]
[INFO] 2026-09-26 00:05:49.155445 Collecting files of Taxonomy[ID=glasses_case, Name=glasses_case]
[INFO] 2026-09-26 00:05:49.191310 Collecting files of Taxonomy[ID=hairpin, Name=hairpin]
[INFO] 2026-09-26 00:05:49.215840 Collecting files of Taxonomy[ID=hammer, Name=hammer]
[INFO] 2026-09-26 00:05:49.236194 Collecting files of Taxonomy[ID=hand_cream, Name=hand_cream]
[INFO] 2026-09-26 00:05:49.270342 Collecting files of Taxonomy[ID=house, Name=house]
[INFO] 2026-09-26 00:05:49.301359 Collecting files of Taxonomy[ID=kennel, Name=kennel]
[INFO] 2026-09-26 00:05:49.306186 Collecting files of Taxonomy[ID=kettle, Name=kettle]
[INFO] 2026-09-26 00:05:49.327251 Collecting files of Taxonomy[ID=keyboard, Name=keyboard]
[INFO] 2026-09-26 00:05:49.339510 Collecting files of Taxonomy[ID=knife, Name=knife]
[INFO] 2026-09-26 00:05:49.361869 Collecting files of Taxonomy[ID=laptop, Name=laptop]
[INFO] 2026-09-26 00:05:49.367358 Collecting files of Taxonomy[ID=lipstick, Name=lipstick]
[INFO] 2026-09-26 00:05:49.392998 Collecting files of Taxonomy[ID=medicine_bottle, Name=medicine_bottle]
[INFO] 2026-09-26 00:05:49.463940 Collecting files of Taxonomy[ID=microwaveoven, Name=microwaveoven]
[INFO] 2026-09-26 00:05:49.469379 Collecting files of Taxonomy[ID=monitor, Name=monitor]
[INFO] 2026-09-26 00:05:49.474453 Collecting files of Taxonomy[ID=mouse, Name=mouse]
[INFO] 2026-09-26 00:05:49.495661 Collecting files of Taxonomy[ID=ornaments, Name=ornaments]
[INFO] 2026-09-26 00:05:49.501231 Collecting files of Taxonomy[ID=pan, Name=pan]
[INFO] 2026-09-26 00:05:49.506185 Collecting files of Taxonomy[ID=pen, Name=pen]
[INFO] 2026-09-26 00:05:49.512114 Collecting files of Taxonomy[ID=plug, Name=plug]
[INFO] 2026-09-26 00:05:49.517607 Collecting files of Taxonomy[ID=popcorn, Name=popcorn]
[INFO] 2026-09-26 00:05:49.551823 Collecting files of Taxonomy[ID=potato_chips, Name=potato_chips]
[INFO] 2026-09-26 00:05:49.564165 Collecting files of Taxonomy[ID=power_strip, Name=power_strip]
[INFO] 2026-09-26 00:05:49.592550 Collecting files of Taxonomy[ID=projector, Name=projector]
[INFO] 2026-09-26 00:05:49.603526 Collecting files of Taxonomy[ID=puff, Name=puff]
[INFO] 2026-09-26 00:05:49.621325 Collecting files of Taxonomy[ID=razor, Name=razor]
[INFO] 2026-09-26 00:05:49.632492 Collecting files of Taxonomy[ID=red_wine_glass, Name=red_wine_glass]
[INFO] 2026-09-26 00:05:49.647687 Collecting files of Taxonomy[ID=remote_control, Name=remote_control]
[INFO] 2026-09-26 00:05:49.677167 Collecting files of Taxonomy[ID=ricecooker, Name=ricecooker]
[INFO] 2026-09-26 00:05:49.682239 Collecting files of Taxonomy[ID=scissor, Name=scissor]
[INFO] 2026-09-26 00:05:49.700583 Collecting files of Taxonomy[ID=shampoo, Name=shampoo]
/home/susan/agentic_workspace/home-omni3d/.venv/lib/python3.10/site-packages/torchvision/models/_utils.py:207: UserWarning: The parameter 'pretrained' is deprecated since 0.13 and may be removed in the future, please use 'weights' instead.
  warnings.warn(
/home/susan/agentic_workspace/home-omni3d/.venv/lib/python3.10/site-packages/torchvision/models/_utils.py:222: UserWarning: Arguments other than a weight enum or `None` for 'weights' are deprecated since 0.13 and may be removed in the future. The current behavior is equivalent to passing `weights=VGG16_BN_Weights.IMAGENET1K_V1`. You can also use `weights=VGG16_BN_Weights.DEFAULT` to get the most up-to-date weights.
  warnings.warn(msg)
[INFO] 2026-09-26 00:05:49.734952 Collecting files of Taxonomy[ID=soap, Name=soap]
[INFO] 2026-09-26 00:05:49.767486 Collecting files of Taxonomy[ID=speaker, Name=speaker]
[INFO] 2026-09-26 00:05:49.772321 Collecting files of Taxonomy[ID=tape_measure, Name=tape_measure]
[INFO] 2026-09-26 00:05:49.789214 Collecting files of Taxonomy[ID=teapot, Name=teapot]
[INFO] 2026-09-26 00:05:49.824564 Collecting files of Taxonomy[ID=thermos, Name=thermos]
[INFO] 2026-09-26 00:05:49.830206 Collecting files of Taxonomy[ID=timer, Name=timer]
[INFO] 2026-09-26 00:05:49.846136 Collecting files of Taxonomy[ID=tooth_brush, Name=tooth_brush]
[INFO] 2026-09-26 00:05:49.869187 Collecting files of Taxonomy[ID=tooth_paste, Name=tooth_paste]
[INFO] 2026-09-26 00:05:49.904722 Collecting files of Taxonomy[ID=umbrella, Name=umbrella]
[INFO] 2026-09-26 00:05:49.923075 Collecting files of Taxonomy[ID=watch, Name=watch]
[INFO] 2026-09-26 00:05:49.935452 Complete collecting files of the dataset. Total files: 237.
[INFO] 2026-09-26 00:05:53.100004 Loading weights from ./output/checkpoints/2026-09-25T21:38:11.694424/best-ckpt.pth ...
[INFO/Process-1] child process calling self.run()
[INFO/Process-1] created temp directory /tmp/pymp-pcdtssap
[INFO] 2026-09-26 00:06:07.512024 Test[1/237] Taxonomy = bed Sample = bed_002 EDLoss = 7.0749 RLoss = 6.8311 IoU = ['0.1393', '0.1030', '0.0630', '0.0291']
[INFO] 2026-09-26 00:06:07.518360 Test[2/237] Taxonomy = pillow Sample = pillow_003 EDLoss = 4.8614 RLoss = 4.8003 IoU = ['0.3001', '0.2798', '0.2513', '0.2075']
[INFO] 2026-09-26 00:06:07.523663 Test[3/237] Taxonomy = pillow Sample = pillow_004 EDLoss = 5.0200 RLoss = 4.9185 IoU = ['0.3424', '0.3355', '0.2839', '0.1822']
[INFO] 2026-09-26 00:06:07.549793 Test[4/237] Taxonomy = pillow Sample = pillow_005 EDLoss = 7.5678 RLoss = 8.0820 IoU = ['0.2355', '0.2000', '0.1674', '0.1410']
[INFO] 2026-09-26 00:06:07.578320 Test[5/237] Taxonomy = pillow Sample = pillow_011 EDLoss = 3.7563 RLoss = 3.5747 IoU = ['0.5066', '0.5187', '0.5070', '0.4783']
[INFO] 2026-09-26 00:06:07.603658 Test[6/237] Taxonomy = pillow Sample = pillow_021 EDLoss = 6.3552 RLoss = 6.7589 IoU = ['0.1488', '0.1211', '0.0967', '0.0306']
[INFO] 2026-09-26 00:06:07.633074 Test[7/237] Taxonomy = pillow Sample = pillow_022 EDLoss = 4.8415 RLoss = 4.6615 IoU = ['0.4155', '0.4247', '0.3688', '0.2477']
[INFO] 2026-09-26 00:06:07.665691 Test[8/237] Taxonomy = table Sample = table_005 EDLoss = 7.3265 RLoss = 7.3485 IoU = ['0.1579', '0.1273', '0.0995', '0.0562']
[INFO] 2026-09-26 00:06:07.703903 Test[9/237] Taxonomy = table Sample = table_015 EDLoss = 5.7278 RLoss = 5.4303 IoU = ['0.4098', '0.4059', '0.3334', '0.2031']
[INFO] 2026-09-26 00:06:07.731812 Test[10/237] Taxonomy = table Sample = table_023 EDLoss = 7.6563 RLoss = 7.0152 IoU = ['0.2822', '0.2395', '0.1722', '0.0940']
[INFO] 2026-09-26 00:06:07.759671 Test[11/237] Taxonomy = table Sample = table_026 EDLoss = 8.0059 RLoss = 6.8447 IoU = ['0.2943', '0.2302', '0.1682', '0.1128']
[INFO] 2026-09-26 00:06:07.789884 Test[12/237] Taxonomy = stool Sample = stool_005 EDLoss = 6.1537 RLoss = 6.2442 IoU = ['0.2783', '0.2391', '0.1825', '0.1236']
[INFO] 2026-09-26 00:06:07.824175 Test[13/237] Taxonomy = stool Sample = stool_007 EDLoss = 6.0680 RLoss = 6.2596 IoU = ['0.2748', '0.2523', '0.2062', '0.1556']
[INFO] 2026-09-26 00:06:07.853637 Test[14/237] Taxonomy = clock Sample = clock_005 EDLoss = 6.5381 RLoss = 6.4787 IoU = ['0.3158', '0.2663', '0.1953', '0.1295']
[INFO] 2026-09-26 00:06:07.886510 Test[15/237] Taxonomy = clock Sample = clock_009 EDLoss = 6.7045 RLoss = 6.3237 IoU = ['0.3052', '0.2257', '0.1438', '0.0778']
[INFO] 2026-09-26 00:06:07.917219 Test[16/237] Taxonomy = clock Sample = clock_018 EDLoss = 5.9674 RLoss = 5.9557 IoU = ['0.3349', '0.3112', '0.2393', '0.1173']
[INFO] 2026-09-26 00:06:07.951226 Test[17/237] Taxonomy = clock Sample = clock_022 EDLoss = 7.6688 RLoss = 7.7140 IoU = ['0.1934', '0.1800', '0.1495', '0.1097']
[INFO] 2026-09-26 00:06:07.985480 Test[18/237] Taxonomy = clock Sample = clock_029 EDLoss = 7.1815 RLoss = 6.9568 IoU = ['0.2320', '0.2102', '0.1757', '0.1342']
[INFO] 2026-09-26 00:06:08.017233 Test[19/237] Taxonomy = clock Sample = clock_036 EDLoss = 7.3175 RLoss = 7.9175 IoU = ['0.2348', '0.2265', '0.2207', '0.1810']
[INFO] 2026-09-26 00:06:08.050816 Test[20/237] Taxonomy = clock Sample = clock_044 EDLoss = 5.2942 RLoss = 5.0629 IoU = ['0.3455', '0.3272', '0.2392', '0.1399']
[INFO] 2026-09-26 00:06:08.081813 Test[21/237] Taxonomy = clock Sample = clock_053 EDLoss = 6.8086 RLoss = 6.8089 IoU = ['0.2784', '0.2289', '0.1611', '0.1014']
[INFO] 2026-09-26 00:06:08.115002 Test[22/237] Taxonomy = clock Sample = clock_054 EDLoss = 7.8011 RLoss = 8.1262 IoU = ['0.3072', '0.2803', '0.2580', '0.2148']
[INFO] 2026-09-26 00:06:08.143493 Test[23/237] Taxonomy = tvstand Sample = tvstand_003 EDLoss = 4.5831 RLoss = 4.1538 IoU = ['0.4791', '0.5097', '0.4843', '0.3859']
[INFO] 2026-09-26 00:06:08.168680 Test[24/237] Taxonomy = vase Sample = vase_003 EDLoss = 5.8804 RLoss = 5.9810 IoU = ['0.2240', '0.1013', '0.0687', '0.0409']
[INFO] 2026-09-26 00:06:08.201879 Test[25/237] Taxonomy = vase Sample = vase_012 EDLoss = 4.7280 RLoss = 4.7179 IoU = ['0.2979', '0.3040', '0.2554', '0.1380']
[INFO] 2026-09-26 00:06:08.232645 Test[26/237] Taxonomy = tissue Sample = tissue_005 EDLoss = 4.8342 RLoss = 4.3546 IoU = ['0.4276', '0.4467', '0.4116', '0.3018']
[INFO] 2026-09-26 00:06:08.259401 Test[27/237] Taxonomy = tissue Sample = tissue_011 EDLoss = 5.3430 RLoss = 5.7972 IoU = ['0.2925', '0.2690', '0.2446', '0.2007']
[INFO] 2026-09-26 00:06:08.287743 Test[28/237] Taxonomy = tissue Sample = tissue_012 EDLoss = 5.2766 RLoss = 5.4133 IoU = ['0.3263', '0.3053', '0.2996', '0.2686']
[INFO] 2026-09-26 00:06:08.317010 Test[29/237] Taxonomy = tissue Sample = tissue_019 EDLoss = 3.2656 RLoss = 3.0486 IoU = ['0.5811', '0.6048', '0.5955', '0.5898']
[INFO] 2026-09-26 00:06:08.342752 Test[30/237] Taxonomy = tissue Sample = tissue_028 EDLoss = 3.1998 RLoss = 2.9427 IoU = ['0.5900', '0.6216', '0.6499', '0.6305']
[INFO] 2026-09-26 00:06:08.374333 Test[31/237] Taxonomy = tissue Sample = tissue_033 EDLoss = 5.6238 RLoss = 5.3621 IoU = ['0.3340', '0.3078', '0.2678', '0.2170']
[INFO] 2026-09-26 00:06:08.400519 Test[32/237] Taxonomy = tissue Sample = tissue_041 EDLoss = 5.7200 RLoss = 6.0093 IoU = ['0.2518', '0.2315', '0.2006', '0.1575']
[INFO] 2026-09-26 00:06:08.427379 Test[33/237] Taxonomy = tissue Sample = tissue_050 EDLoss = 4.9708 RLoss = 4.8776 IoU = ['0.4036', '0.4024', '0.3754', '0.3018']
[INFO] 2026-09-26 00:06:08.458762 Test[34/237] Taxonomy = doll Sample = doll_006 EDLoss = 5.8491 RLoss = 5.9489 IoU = ['0.2464', '0.2103', '0.1658', '0.0991']
[INFO] 2026-09-26 00:06:08.492190 Test[35/237] Taxonomy = doll Sample = doll_010 EDLoss = 6.8780 RLoss = 6.7770 IoU = ['0.1819', '0.1600', '0.1368', '0.1153']
[INFO] 2026-09-26 00:06:08.522265 Test[36/237] Taxonomy = doll Sample = doll_012 EDLoss = 6.2437 RLoss = 6.2263 IoU = ['0.1722', '0.1421', '0.1089', '0.0813']
[INFO] 2026-09-26 00:06:08.553785 Test[37/237] Taxonomy = doll Sample = doll_014 EDLoss = 5.0668 RLoss = 4.8191 IoU = ['0.3260', '0.2500', '0.0960', '0.0296']
[INFO] 2026-09-26 00:06:08.585933 Test[38/237] Taxonomy = doll Sample = doll_020 EDLoss = 4.9069 RLoss = 4.9102 IoU = ['0.2713', '0.2578', '0.2290', '0.1789']
[INFO] 2026-09-26 00:06:08.618108 Test[39/237] Taxonomy = doll Sample = doll_022 EDLoss = 6.4187 RLoss = 6.5930 IoU = ['0.1480', '0.1274', '0.1082', '0.0834']
[INFO] 2026-09-26 00:06:08.646963 Test[40/237] Taxonomy = doll Sample = doll_029 EDLoss = 5.8762 RLoss = 5.8581 IoU = ['0.2162', '0.1815', '0.1329', '0.0858']
[INFO] 2026-09-26 00:06:08.677752 Test[41/237] Taxonomy = doll Sample = doll_041 EDLoss = 4.2941 RLoss = 4.2346 IoU = ['0.3593', '0.3750', '0.2558', '0.1258']
[INFO] 2026-09-26 00:06:08.705128 Test[42/237] Taxonomy = doll Sample = doll_045 EDLoss = 7.5639 RLoss = 8.6212 IoU = ['0.1242', '0.1225', '0.1173', '0.1103']
[INFO] 2026-09-26 00:06:08.734884 Test[43/237] Taxonomy = doll Sample = doll_046 EDLoss = 5.1770 RLoss = 5.2847 IoU = ['0.2630', '0.1968', '0.1510', '0.1258']
[INFO] 2026-09-26 00:06:08.764949 Test[44/237] Taxonomy = doll Sample = doll_055 EDLoss = 4.6783 RLoss = 4.6367 IoU = ['0.2882', '0.2428', '0.1488', '0.0814']
[INFO] 2026-09-26 00:06:08.795115 Test[45/237] Taxonomy = doll Sample = doll_072 EDLoss = 4.9425 RLoss = 4.9939 IoU = ['0.3213', '0.2849', '0.1766', '0.0677']
[INFO] 2026-09-26 00:06:08.826253 Test[46/237] Taxonomy = doll Sample = doll_073 EDLoss = 4.5483 RLoss = 4.6106 IoU = ['0.1852', '0.1820', '0.1636', '0.1416']
[INFO] 2026-09-26 00:06:08.853156 Test[47/237] Taxonomy = fan Sample = fan_003 EDLoss = 4.1347 RLoss = 4.0146 IoU = ['0.1323', '0.1002', '0.0771', '0.0517']
[INFO] 2026-09-26 00:06:08.881561 Test[48/237] Taxonomy = fan Sample = fan_012 EDLoss = 5.1298 RLoss = 5.1232 IoU = ['0.0522', '0.0409', '0.0224', '0.0062']
[INFO] 2026-09-26 00:06:08.912365 Test[49/237] Taxonomy = suitcase Sample = suitcase_005 EDLoss = 5.2110 RLoss = 4.8210 IoU = ['0.4106', '0.4001', '0.3695', '0.3139']
[INFO] 2026-09-26 00:06:08.938747 Test[50/237] Taxonomy = battery Sample = battery_003 EDLoss = 5.0239 RLoss = 4.8479 IoU = ['0.4192', '0.4540', '0.3096', '0.1482']
[INFO] 2026-09-26 00:06:08.970055 Test[51/237] Taxonomy = book Sample = book_005 EDLoss = 5.1191 RLoss = 4.9409 IoU = ['0.3175', '0.3054', '0.2495', '0.1591']
[INFO] 2026-09-26 00:06:09.005602 Test[52/237] Taxonomy = book Sample = book_011 EDLoss = 5.6817 RLoss = 5.4221 IoU = ['0.2734', '0.2314', '0.1575', '0.0785']
[INFO] 2026-09-26 00:06:09.038150 Test[53/237] Taxonomy = book Sample = book_021 EDLoss = 6.8831 RLoss = 6.9411 IoU = ['0.1824', '0.1536', '0.1341', '0.1128']
[INFO] 2026-09-26 00:06:09.069508 Test[54/237] Taxonomy = book Sample = book_026 EDLoss = 4.7050 RLoss = 4.6902 IoU = ['0.3831', '0.3757', '0.3522', '0.3242']
[INFO] 2026-09-26 00:06:09.100116 Test[55/237] Taxonomy = bottle Sample = bottle_040 EDLoss = 5.1626 RLoss = 5.2514 IoU = ['0.3001', '0.2849', '0.2445', '0.1780']
[INFO] 2026-09-26 00:06:09.130655 Test[56/237] Taxonomy = bottle Sample = bottle_046 EDLoss = 4.0243 RLoss = 3.9588 IoU = ['0.4486', '0.5365', '0.4784', '0.2812']
[INFO] 2026-09-26 00:06:09.158197 Test[57/237] Taxonomy = bottle Sample = bottle_047 EDLoss = 4.3220 RLoss = 4.3072 IoU = ['0.4182', '0.4429', '0.3559', '0.2079']
[INFO] 2026-09-26 00:06:09.190725 Test[58/237] Taxonomy = bottle Sample = bottle_055 EDLoss = 4.3099 RLoss = 4.2093 IoU = ['0.3829', '0.4507', '0.4097', '0.2666']
[INFO] 2026-09-26 00:06:09.218515 Test[59/237] Taxonomy = bowl Sample = bowl_003 EDLoss = 2.6817 RLoss = 2.4649 IoU = ['0.5880', '0.6207', '0.6323', '0.6215']
[INFO] 2026-09-26 00:06:09.246914 Test[60/237] Taxonomy = bowl Sample = bowl_015 EDLoss = 5.1808 RLoss = 5.2717 IoU = ['0.2698', '0.2227', '0.1272', '0.0692']
[INFO] 2026-09-26 00:06:09.279017 Test[61/237] Taxonomy = boxed_beverage Sample = boxed_beverage_005 EDLoss = 6.6155 RLoss = 6.9008 IoU = ['0.2688', '0.2632', '0.2567', '0.2310']
[INFO] 2026-09-26 00:06:09.313638 Test[62/237] Taxonomy = boxed_beverage Sample = boxed_beverage_007 EDLoss = 6.6476 RLoss = 6.6787 IoU = ['0.2678', '0.2204', '0.1782', '0.1386']
[INFO] 2026-09-26 00:06:09.340424 Test[63/237] Taxonomy = brush Sample = brush_005 EDLoss = 6.1668 RLoss = 5.1798 IoU = ['0.2784', '0.2617', '0.2076', '0.1488']
[INFO] 2026-09-26 00:06:09.367673 Test[64/237] Taxonomy = brush Sample = brush_011 EDLoss = 10.1334 RLoss = 8.0727 IoU = ['0.1374', '0.1148', '0.0972', '0.0744']
[INFO] 2026-09-26 00:06:09.394154 Test[65/237] Taxonomy = brush Sample = brush_012 EDLoss = 6.1093 RLoss = 5.4832 IoU = ['0.3328', '0.3135', '0.2829', '0.2194']
[INFO] 2026-09-26 00:06:09.420365 Test[66/237] Taxonomy = brush Sample = brush_020 EDLoss = 7.3826 RLoss = 8.0220 IoU = ['0.1622', '0.1323', '0.0921', '0.0597']
[INFO] 2026-09-26 00:06:09.452469 Test[67/237] Taxonomy = candle Sample = candle_006 EDLoss = 3.6290 RLoss = 3.4740 IoU = ['0.4716', '0.5169', '0.5457', '0.5210']
[INFO] 2026-09-26 00:06:09.483108 Test[68/237] Taxonomy = candy Sample = candy_003 EDLoss = 4.1651 RLoss = 3.9846 IoU = ['0.3848', '0.4107', '0.3900', '0.3045']
[INFO] 2026-09-26 00:06:09.513221 Test[69/237] Taxonomy = candy Sample = candy_004 EDLoss = 5.9389 RLoss = 5.9645 IoU = ['0.2081', '0.1689', '0.1285', '0.0821']
[INFO] 2026-09-26 00:06:09.536814 Test[70/237] Taxonomy = candy Sample = candy_005 EDLoss = 6.6358 RLoss = 5.9655 IoU = ['0.1694', '0.1728', '0.1512', '0.1257']
[INFO] 2026-09-26 00:06:09.562539 Test[71/237] Taxonomy = candy Sample = candy_013 EDLoss = 12.1663 RLoss = 11.4840 IoU = ['0.0780', '0.0622', '0.0480', '0.0306']
[INFO] 2026-09-26 00:06:09.586526 Test[72/237] Taxonomy = candy Sample = candy_021 EDLoss = 4.5332 RLoss = 4.3177 IoU = ['0.4584', '0.4931', '0.4747', '0.3778']
[INFO] 2026-09-26 00:06:09.614760 Test[73/237] Taxonomy = candy Sample = candy_025 EDLoss = 5.6772 RLoss = 5.5894 IoU = ['0.2540', '0.2059', '0.1512', '0.0912']
[INFO] 2026-09-26 00:06:09.647754 Test[74/237] Taxonomy = candy Sample = candy_044 EDLoss = 4.8921 RLoss = 4.9622 IoU = ['0.1598', '0.1439', '0.1079', '0.0569']
[INFO] 2026-09-26 00:06:09.679836 Test[75/237] Taxonomy = canned_beverage Sample = canned_beverage_002 EDLoss = 5.1518 RLoss = 4.9742 IoU = ['0.3876', '0.3674', '0.3096', '0.2322']
[INFO] 2026-09-26 00:06:09.708540 Test[76/237] Taxonomy = chocolate Sample = chocolate_003 EDLoss = 7.1032 RLoss = 6.8051 IoU = ['0.1844', '0.1643', '0.1379', '0.0994']
[INFO] 2026-09-26 00:06:09.732798 Test[77/237] Taxonomy = chocolate Sample = chocolate_012 EDLoss = 3.7234 RLoss = 3.6626 IoU = ['0.5667', '0.5711', '0.5522', '0.5041']
[INFO] 2026-09-26 00:06:09.764811 Test[78/237] Taxonomy = chocolate Sample = chocolate_024 EDLoss = 4.9460 RLoss = 5.1544 IoU = ['0.3126', '0.2800', '0.2430', '0.2304']
[INFO] 2026-09-26 00:06:09.794535 Test[79/237] Taxonomy = chocolate Sample = chocolate_029 EDLoss = 5.3537 RLoss = 5.3337 IoU = ['0.3854', '0.3577', '0.2712', '0.1814']
[INFO] 2026-09-26 00:06:09.822369 Test[80/237] Taxonomy = cup Sample = cup_003 EDLoss = 5.1383 RLoss = 5.0345 IoU = ['0.2983', '0.1995', '0.1175', '0.0858']
[INFO] 2026-09-26 00:06:09.857289 Test[81/237] Taxonomy = cup Sample = cup_004 EDLoss = 4.6856 RLoss = 4.6184 IoU = ['0.3829', '0.3404', '0.2566', '0.1141']
[INFO] 2026-09-26 00:06:09.890574 Test[82/237] Taxonomy = cup Sample = cup_005 EDLoss = 5.2678 RLoss = 5.3960 IoU = ['0.3013', '0.2910', '0.2642', '0.2150']
[INFO] 2026-09-26 00:06:09.921284 Test[83/237] Taxonomy = cup Sample = cup_011 EDLoss = 4.7540 RLoss = 4.7290 IoU = ['0.3181', '0.3143', '0.2452', '0.1800']
[INFO] 2026-09-26 00:06:09.951302 Test[84/237] Taxonomy = cup Sample = cup_021 EDLoss = 4.5059 RLoss = 4.5974 IoU = ['0.3104', '0.3449', '0.3540', '0.3241']
[INFO] 2026-09-26 00:06:09.981959 Test[85/237] Taxonomy = cup Sample = cup_022 EDLoss = 5.6538 RLoss = 5.5881 IoU = ['0.3351', '0.3167', '0.2216', '0.1062']
[INFO] 2026-09-26 00:06:10.009371 Test[86/237] Taxonomy = dish Sample = dish_003 EDLoss = 3.0304 RLoss = 2.6783 IoU = ['0.5962', '0.6274', '0.6391', '0.6260']
[INFO] 2026-09-26 00:06:10.039109 Test[87/237] Taxonomy = dish Sample = dish_004 EDLoss = 8.3958 RLoss = 9.1246 IoU = ['0.2149', '0.1971', '0.1759', '0.1382']
[INFO] 2026-09-26 00:06:10.068087 Test[88/237] Taxonomy = dish Sample = dish_011 EDLoss = 4.4308 RLoss = 3.6842 IoU = ['0.5921', '0.5896', '0.5576', '0.4858']
[INFO] 2026-09-26 00:06:10.100318 Test[89/237] Taxonomy = dustbin Sample = dustbin_005 EDLoss = 5.2416 RLoss = 4.9629 IoU = ['0.4084', '0.4299', '0.3686', '0.2343']
[INFO] 2026-09-26 00:06:10.132743 Test[90/237] Taxonomy = dustbin Sample = dustbin_007 EDLoss = 5.2999 RLoss = 5.3502 IoU = ['0.3571', '0.2903', '0.1710', '0.0772']
[INFO] 2026-09-26 00:06:10.163034 Test[91/237] Taxonomy = dustbin Sample = dustbin_020 EDLoss = 5.3995 RLoss = 5.4440 IoU = ['0.3395', '0.2870', '0.1486', '0.0565']
[INFO] 2026-09-26 00:06:10.187735 Test[92/237] Taxonomy = facial_cream Sample = facial_cream_003 EDLoss = 3.8804 RLoss = 3.7673 IoU = ['0.4172', '0.4677', '0.4810', '0.4121']
[INFO] 2026-09-26 00:06:10.218447 Test[93/237] Taxonomy = facial_cream Sample = facial_cream_004 EDLoss = 4.0082 RLoss = 4.1729 IoU = ['0.4719', '0.5038', '0.4852', '0.4032']
[INFO] 2026-09-26 00:06:10.246415 Test[94/237] Taxonomy = facial_cream Sample = facial_cream_005 EDLoss = 6.4832 RLoss = 6.9497 IoU = ['0.2686', '0.2481', '0.2173', '0.1775']
[INFO] 2026-09-26 00:06:10.278387 Test[95/237] Taxonomy = facial_cream Sample = facial_cream_011 EDLoss = 3.5860 RLoss = 3.5954 IoU = ['0.4109', '0.4272', '0.4664', '0.4956']
[INFO] 2026-09-26 00:06:10.315740 Test[96/237] Taxonomy = facial_cream Sample = facial_cream_021 EDLoss = 5.8645 RLoss = 5.9264 IoU = ['0.2880', '0.2268', '0.1733', '0.1011']
[INFO] 2026-09-26 00:06:10.345645 Test[97/237] Taxonomy = facial_cream Sample = facial_cream_022 EDLoss = 6.1393 RLoss = 5.8776 IoU = ['0.1722', '0.1683', '0.1519', '0.1282']
[INFO] 2026-09-26 00:06:10.375213 Test[98/237] Taxonomy = fire_extinguisher Sample = fire_extinguisher_003 EDLoss = 4.7434 RLoss = 4.7459 IoU = ['0.2995', '0.3138', '0.2388', '0.1186']
[INFO] 2026-09-26 00:06:10.405222 Test[99/237] Taxonomy = fire_extinguisher Sample = fire_extinguisher_004 EDLoss = 4.6701 RLoss = 4.6503 IoU = ['0.3223', '0.3234', '0.3311', '0.3020']
[INFO] 2026-09-26 00:06:10.434767 Test[100/237] Taxonomy = fire_extinguisher Sample = fire_extinguisher_012 EDLoss = 4.3783 RLoss = 4.4281 IoU = ['0.3538', '0.3586', '0.3561', '0.2420']
[INFO] 2026-09-26 00:06:10.462546 Test[101/237] Taxonomy = flash_light Sample = flash_light_003 EDLoss = 5.2178 RLoss = 5.3108 IoU = ['0.1659', '0.1395', '0.1271', '0.0869']
[INFO] 2026-09-26 00:06:10.488922 Test[102/237] Taxonomy = fork Sample = fork_003 EDLoss = 5.5239 RLoss = 5.9817 IoU = ['0.0631', '0.0638', '0.0621', '0.0574']
[INFO] 2026-09-26 00:06:10.514381 Test[103/237] Taxonomy = glasses Sample = glasses_003 EDLoss = 4.8597 RLoss = 4.5518 IoU = ['0.1314', '0.1150', '0.0819', '0.0502']
[INFO] 2026-09-26 00:06:10.537475 Test[104/237] Taxonomy = glasses_case Sample = glasses_case_003 EDLoss = 3.7577 RLoss = 4.0076 IoU = ['0.4881', '0.4762', '0.4637', '0.4428']
[INFO] 2026-09-26 00:06:10.562862 Test[105/237] Taxonomy = glasses_case Sample = glasses_case_004 EDLoss = 5.9672 RLoss = 6.1528 IoU = ['0.2745', '0.2538', '0.2026', '0.1406']
[INFO] 2026-09-26 00:06:10.589782 Test[106/237] Taxonomy = glasses_case Sample = glasses_case_005 EDLoss = 5.4928 RLoss = 5.3721 IoU = ['0.3220', '0.2985', '0.2492', '0.1896']
[INFO] 2026-09-26 00:06:10.615707 Test[107/237] Taxonomy = glasses_case Sample = glasses_case_019 EDLoss = 3.7327 RLoss = 3.2704 IoU = ['0.5233', '0.5408', '0.5423', '0.5190']
[INFO] 2026-09-26 00:06:10.641394 Test[108/237] Taxonomy = glasses_case Sample = glasses_case_021 EDLoss = 5.1934 RLoss = 4.9581 IoU = ['0.3326', '0.3274', '0.2760', '0.1731']
[INFO] 2026-09-26 00:06:10.667253 Test[109/237] Taxonomy = glasses_case Sample = glasses_case_036 EDLoss = 4.2439 RLoss = 4.3643 IoU = ['0.4142', '0.4329', '0.4282', '0.3934']
[INFO] 2026-09-26 00:06:10.693377 Test[110/237] Taxonomy = hairpin Sample = hairpin_005 EDLoss = 5.9508 RLoss = 5.5487 IoU = ['0.3107', '0.2924', '0.2731', '0.2423']
[INFO] 2026-09-26 00:06:10.719097 Test[111/237] Taxonomy = hairpin Sample = hairpin_011 EDLoss = 7.1301 RLoss = 8.1443 IoU = ['0.1264', '0.0950', '0.0726', '0.0482']
[INFO] 2026-09-26 00:06:10.746081 Test[112/237] Taxonomy = hairpin Sample = hairpin_012 EDLoss = 5.1506 RLoss = 5.0424 IoU = ['0.2871', '0.2679', '0.1715', '0.0458']
[INFO] 2026-09-26 00:06:10.773104 Test[113/237] Taxonomy = hairpin Sample = hairpin_022 EDLoss = 5.6837 RLoss = 5.4825 IoU = ['0.2547', '0.2438', '0.2193', '0.1761']
[INFO] 2026-09-26 00:06:10.802793 Test[114/237] Taxonomy = hammer Sample = hammer_011 EDLoss = 4.4239 RLoss = 4.1010 IoU = ['0.3961', '0.4000', '0.3841', '0.3519']
[INFO] 2026-09-26 00:06:10.828429 Test[115/237] Taxonomy = hammer Sample = hammer_018 EDLoss = 5.5458 RLoss = 5.3030 IoU = ['0.2068', '0.1843', '0.1481', '0.1105']
[INFO] 2026-09-26 00:06:10.859340 Test[116/237] Taxonomy = hammer Sample = hammer_021 EDLoss = 5.1578 RLoss = 5.2767 IoU = ['0.3090', '0.3109', '0.3072', '0.2913']
[INFO] 2026-09-26 00:06:10.888172 Test[117/237] Taxonomy = hand_cream Sample = hand_cream_003 EDLoss = 5.1994 RLoss = 4.9844 IoU = ['0.3060', '0.2888', '0.2399', '0.1793']
[INFO] 2026-09-26 00:06:10.918575 Test[118/237] Taxonomy = hand_cream Sample = hand_cream_004 EDLoss = 4.5576 RLoss = 4.7304 IoU = ['0.4458', '0.4412', '0.4355', '0.4179']
[INFO] 2026-09-26 00:06:10.948866 Test[119/237] Taxonomy = hand_cream Sample = hand_cream_005 EDLoss = 4.2774 RLoss = 4.0042 IoU = ['0.3679', '0.3696', '0.3299', '0.2715']
[INFO] 2026-09-26 00:06:10.977570 Test[120/237] Taxonomy = hand_cream Sample = hand_cream_011 EDLoss = 7.7632 RLoss = 8.1085 IoU = ['0.1572', '0.1272', '0.1036', '0.0791']
[INFO] 2026-09-26 00:06:11.009561 Test[121/237] Taxonomy = hand_cream Sample = hand_cream_022 EDLoss = 7.1355 RLoss = 7.7370 IoU = ['0.1138', '0.0889', '0.0670', '0.0544']
[INFO] 2026-09-26 00:06:11.039808 Test[122/237] Taxonomy = hand_cream Sample = hand_cream_023 EDLoss = 5.6691 RLoss = 6.0655 IoU = ['0.2005', '0.1903', '0.1760', '0.1401']
[INFO] 2026-09-26 00:06:11.075474 Test[123/237] Taxonomy = house Sample = house_003 EDLoss = 6.4380 RLoss = 6.4530 IoU = ['0.3005', '0.2149', '0.1165', '0.0490']
[INFO] 2026-09-26 00:06:11.109837 Test[124/237] Taxonomy = house Sample = house_005 EDLoss = 9.5465 RLoss = 10.6446 IoU = ['0.1369', '0.1343', '0.1294', '0.1238']
[INFO] 2026-09-26 00:06:11.148972 Test[125/237] Taxonomy = house Sample = house_021 EDLoss = 5.3514 RLoss = 5.2194 IoU = ['0.3392', '0.3102', '0.1952', '0.0684']
[INFO] 2026-09-26 00:06:11.185976 Test[126/237] Taxonomy = house Sample = house_022 EDLoss = 6.3192 RLoss = 6.1356 IoU = ['0.2452', '0.1978', '0.1269', '0.0499']
[INFO] 2026-09-26 00:06:11.225909 Test[127/237] Taxonomy = house Sample = house_023 EDLoss = 5.2119 RLoss = 5.1323 IoU = ['0.2897', '0.2755', '0.2101', '0.0988']
[INFO] 2026-09-26 00:06:11.257027 Test[128/237] Taxonomy = house Sample = house_042 EDLoss = 5.5507 RLoss = 5.6815 IoU = ['0.2996', '0.2298', '0.1381', '0.0348']
[INFO] 2026-09-26 00:06:11.287374 Test[129/237] Taxonomy = kennel Sample = kennel_003 EDLoss = 5.5775 RLoss = 5.3311 IoU = ['0.4958', '0.5031', '0.4349', '0.3235']
[INFO] 2026-09-26 00:06:11.320138 Test[130/237] Taxonomy = kettle Sample = kettle_003 EDLoss = 4.5269 RLoss = 4.5486 IoU = ['0.3746', '0.3906', '0.3493', '0.2443']
[INFO] 2026-09-26 00:06:11.352909 Test[131/237] Taxonomy = kettle Sample = kettle_016 EDLoss = 4.4394 RLoss = 4.5057 IoU = ['0.3516', '0.3735', '0.3519', '0.2500']
[INFO] 2026-09-26 00:06:11.374579 Test[132/237] Taxonomy = keyboard Sample = keyboard_003 EDLoss = 6.6142 RLoss = 6.5469 IoU = ['0.3498', '0.3520', '0.3481', '0.3248']
[INFO] 2026-09-26 00:06:11.399746 Test[133/237] Taxonomy = keyboard Sample = keyboard_012 EDLoss = 4.8826 RLoss = 5.3330 IoU = ['0.1514', '0.1475', '0.1332', '0.1046']
[INFO] 2026-09-26 00:06:11.425524 Test[134/237] Taxonomy = knife Sample = knife_005 EDLoss = 5.3587 RLoss = 5.3339 IoU = ['0.1726', '0.1633', '0.1435', '0.1071']
[INFO] 2026-09-26 00:06:11.452563 Test[135/237] Taxonomy = knife Sample = knife_012 EDLoss = 6.3070 RLoss = 6.1817 IoU = ['0.1407', '0.1207', '0.1025', '0.0871']
[INFO] 2026-09-26 00:06:11.477691 Test[136/237] Taxonomy = knife Sample = knife_017 EDLoss = 13.8651 RLoss = 12.0036 IoU = ['0.2281', '0.2235', '0.2167', '0.2084']
[INFO] 2026-09-26 00:06:11.507199 Test[137/237] Taxonomy = knife Sample = knife_021 EDLoss = 6.8603 RLoss = 6.6593 IoU = ['0.1969', '0.1710', '0.1411', '0.1080']
[INFO] 2026-09-26 00:06:11.532846 Test[138/237] Taxonomy = laptop Sample = laptop_004 EDLoss = 5.3362 RLoss = 5.2472 IoU = ['0.3042', '0.2945', '0.1670', '0.0885']
[INFO] 2026-09-26 00:06:11.562734 Test[139/237] Taxonomy = lipstick Sample = lipstick_005 EDLoss = 3.7657 RLoss = 3.5931 IoU = ['0.4654', '0.5684', '0.5322', '0.4333']
[INFO] 2026-09-26 00:06:11.594527 Test[140/237] Taxonomy = lipstick Sample = lipstick_011 EDLoss = 6.7984 RLoss = 6.7735 IoU = ['0.2975', '0.3040', '0.2936', '0.2312']
[INFO] 2026-09-26 00:06:11.625515 Test[141/237] Taxonomy = lipstick Sample = lipstick_012 EDLoss = 5.2396 RLoss = 5.7166 IoU = ['0.2551', '0.2374', '0.2494', '0.2482']
[INFO] 2026-09-26 00:06:11.655533 Test[142/237] Taxonomy = lipstick Sample = lipstick_025 EDLoss = 4.5932 RLoss = 4.9686 IoU = ['0.3147', '0.3083', '0.2987', '0.2126']
[INFO] 2026-09-26 00:06:11.687839 Test[143/237] Taxonomy = medicine_bottle Sample = medicine_bottle_006 EDLoss = 4.2016 RLoss = 4.0140 IoU = ['0.4848', '0.5339', '0.4992', '0.3843']
[INFO] 2026-09-26 00:06:11.721133 Test[144/237] Taxonomy = medicine_bottle Sample = medicine_bottle_009 EDLoss = 4.5993 RLoss = 4.4587 IoU = ['0.4179', '0.5273', '0.4155', '0.1828']
[INFO] 2026-09-26 00:06:11.750913 Test[145/237] Taxonomy = medicine_bottle Sample = medicine_bottle_017 EDLoss = 2.8837 RLoss = 2.4217 IoU = ['0.6830', '0.7133', '0.7184', '0.6857']
[INFO] 2026-09-26 00:06:11.784851 Test[146/237] Taxonomy = medicine_bottle Sample = medicine_bottle_035 EDLoss = 3.6994 RLoss = 3.4623 IoU = ['0.5280', '0.6103', '0.6120', '0.4907']
[INFO] 2026-09-26 00:06:11.817357 Test[147/237] Taxonomy = medicine_bottle Sample = medicine_bottle_040 EDLoss = 4.3001 RLoss = 4.3349 IoU = ['0.4192', '0.4161', '0.4115', '0.3607']
[INFO] 2026-09-26 00:06:11.851036 Test[148/237] Taxonomy = medicine_bottle Sample = medicine_bottle_044 EDLoss = 2.8308 RLoss = 2.6502 IoU = ['0.6284', '0.6307', '0.6209', '0.5941']
[INFO] 2026-09-26 00:06:11.878856 Test[149/237] Taxonomy = medicine_bottle Sample = medicine_bottle_050 EDLoss = 4.1178 RLoss = 4.0855 IoU = ['0.4296', '0.4962', '0.4580', '0.3316']
[INFO] 2026-09-26 00:06:11.913716 Test[150/237] Taxonomy = medicine_bottle Sample = medicine_bottle_052 EDLoss = 5.1565 RLoss = 5.1877 IoU = ['0.3665', '0.2971', '0.2191', '0.1666']
[INFO] 2026-09-26 00:06:11.942806 Test[151/237] Taxonomy = medicine_bottle Sample = medicine_bottle_056 EDLoss = 4.5382 RLoss = 4.4354 IoU = ['0.4231', '0.4533', '0.4485', '0.3043']
[INFO] 2026-09-26 00:06:11.972773 Test[152/237] Taxonomy = medicine_bottle Sample = medicine_bottle_068 EDLoss = 3.1680 RLoss = 2.8179 IoU = ['0.6235', '0.7073', '0.6859', '0.6080']
[INFO] 2026-09-26 00:06:12.002271 Test[153/237] Taxonomy = medicine_bottle Sample = medicine_bottle_071 EDLoss = 4.2710 RLoss = 4.0496 IoU = ['0.4350', '0.4401', '0.3961', '0.2974']
[INFO] 2026-09-26 00:06:12.032625 Test[154/237] Taxonomy = medicine_bottle Sample = medicine_bottle_072 EDLoss = 2.9309 RLoss = 2.7649 IoU = ['0.5832', '0.6083', '0.6194', '0.6106']
[INFO] 2026-09-26 00:06:12.064815 Test[155/237] Taxonomy = microwaveoven Sample = microwaveoven_005 EDLoss = 4.9361 RLoss = 4.5985 IoU = ['0.4676', '0.4965', '0.3862', '0.2473']
[INFO] 2026-09-26 00:06:12.091516 Test[156/237] Taxonomy = monitor Sample = monitor_003 EDLoss = 6.2896 RLoss = 5.9942 IoU = ['0.2474', '0.2018', '0.1314', '0.0701']
[INFO] 2026-09-26 00:06:12.121836 Test[157/237] Taxonomy = mouse Sample = mouse_003 EDLoss = 4.9316 RLoss = 4.8822 IoU = ['0.3278', '0.2937', '0.1914', '0.1135']
[INFO] 2026-09-26 00:06:12.149824 Test[158/237] Taxonomy = mouse Sample = mouse_012 EDLoss = 4.7752 RLoss = 4.8119 IoU = ['0.3484', '0.3081', '0.2695', '0.1973']
[INFO] 2026-09-26 00:06:12.178445 Test[159/237] Taxonomy = mouse Sample = mouse_022 EDLoss = 4.5880 RLoss = 4.5446 IoU = ['0.3257', '0.3188', '0.2706', '0.2052']
[INFO] 2026-09-26 00:06:12.205849 Test[160/237] Taxonomy = mouse Sample = mouse_028 EDLoss = 5.2737 RLoss = 5.8578 IoU = ['0.2441', '0.2190', '0.2160', '0.2041']
[INFO] 2026-09-26 00:06:12.235729 Test[161/237] Taxonomy = ornaments Sample = ornaments_006 EDLoss = 6.3033 RLoss = 6.1597 IoU = ['0.1786', '0.1533', '0.1372', '0.0986']
[INFO] 2026-09-26 00:06:12.257629 Test[162/237] Taxonomy = pan Sample = pan_003 EDLoss = 4.8692 RLoss = 4.9172 IoU = ['0.1781', '0.1753', '0.1665', '0.1079']
[INFO] 2026-09-26 00:06:12.279703 Test[163/237] Taxonomy = pen Sample = pen_004 EDLoss = 7.9524 RLoss = 7.5574 IoU = ['0.3097', '0.2975', '0.2837', '0.2611']
[INFO] 2026-09-26 00:06:12.310043 Test[164/237] Taxonomy = plug Sample = plug_002 EDLoss = 5.3190 RLoss = 5.3358 IoU = ['0.2654', '0.2809', '0.2710', '0.2281']
[INFO] 2026-09-26 00:06:12.343442 Test[165/237] Taxonomy = popcorn Sample = popcorn_005 EDLoss = 4.0989 RLoss = 4.0193 IoU = ['0.4511', '0.4584', '0.4400', '0.3771']
[INFO] 2026-09-26 00:06:12.376029 Test[166/237] Taxonomy = popcorn Sample = popcorn_022 EDLoss = 4.3256 RLoss = 4.2988 IoU = ['0.3534', '0.3498', '0.2848', '0.1239']
[INFO] 2026-09-26 00:06:12.414650 Test[167/237] Taxonomy = popcorn Sample = popcorn_025 EDLoss = 4.0828 RLoss = 3.8969 IoU = ['0.4558', '0.4520', '0.4065', '0.2777']
[INFO] 2026-09-26 00:06:12.447522 Test[168/237] Taxonomy = popcorn Sample = popcorn_027 EDLoss = 4.1167 RLoss = 4.0536 IoU = ['0.4260', '0.4362', '0.3970', '0.2853']
[INFO] 2026-09-26 00:06:12.480781 Test[169/237] Taxonomy = popcorn Sample = popcorn_028 EDLoss = 4.7734 RLoss = 4.8209 IoU = ['0.3099', '0.2936', '0.2675', '0.2161']
[INFO] 2026-09-26 00:06:12.509560 Test[170/237] Taxonomy = popcorn Sample = popcorn_035 EDLoss = 3.3845 RLoss = 3.2956 IoU = ['0.4799', '0.5108', '0.4973', '0.4128']
[INFO] 2026-09-26 00:06:12.534954 Test[171/237] Taxonomy = potato_chips Sample = potato_chips_005 EDLoss = 5.8163 RLoss = 6.2491 IoU = ['0.2670', '0.2159', '0.1564', '0.0978']
[INFO] 2026-09-26 00:06:12.565655 Test[172/237] Taxonomy = potato_chips Sample = potato_chips_007 EDLoss = 5.7621 RLoss = 5.6139 IoU = ['0.2720', '0.2478', '0.1744', '0.0704']
[INFO] 2026-09-26 00:06:12.598659 Test[173/237] Taxonomy = power_strip Sample = power_strip_003 EDLoss = 4.7824 RLoss = 4.7008 IoU = ['0.3836', '0.3621', '0.3045', '0.2075']
[INFO] 2026-09-26 00:06:12.626706 Test[174/237] Taxonomy = power_strip Sample = power_strip_004 EDLoss = 5.3421 RLoss = 4.9999 IoU = ['0.3391', '0.3251', '0.2921', '0.1740']
[INFO] 2026-09-26 00:06:12.657616 Test[175/237] Taxonomy = power_strip Sample = power_strip_005 EDLoss = 6.1009 RLoss = 6.3999 IoU = ['0.2996', '0.3061', '0.2885', '0.2413']
[INFO] 2026-09-26 00:06:12.685084 Test[176/237] Taxonomy = power_strip Sample = power_strip_031 EDLoss = 6.6300 RLoss = 6.0141 IoU = ['0.2722', '0.2618', '0.2277', '0.1589']
[INFO] 2026-09-26 00:06:12.709864 Test[177/237] Taxonomy = power_strip Sample = power_strip_034 EDLoss = 4.2196 RLoss = 4.0368 IoU = ['0.4428', '0.4851', '0.4595', '0.3366']
[INFO] 2026-09-26 00:06:12.744743 Test[178/237] Taxonomy = projector Sample = projector_005 EDLoss = 7.6373 RLoss = 7.0339 IoU = ['0.2128', '0.1821', '0.1304', '0.0636']
[INFO] 2026-09-26 00:06:12.779997 Test[179/237] Taxonomy = projector Sample = projector_007 EDLoss = 4.6678 RLoss = 4.6088 IoU = ['0.4252', '0.4608', '0.4555', '0.3587']
[INFO] 2026-09-26 00:06:12.810354 Test[180/237] Taxonomy = puff Sample = puff_014 EDLoss = 4.4459 RLoss = 4.4667 IoU = ['0.4034', '0.4132', '0.2411', '0.0903']
[INFO] 2026-09-26 00:06:12.839276 Test[181/237] Taxonomy = puff Sample = puff_022 EDLoss = 4.9045 RLoss = 4.9513 IoU = ['0.3610', '0.3650', '0.3150', '0.2128']
[INFO] 2026-09-26 00:06:12.873491 Test[182/237] Taxonomy = puff Sample = puff_025 EDLoss = 3.8716 RLoss = 3.7939 IoU = ['0.4572', '0.5055', '0.4039', '0.2021']
[INFO] 2026-09-26 00:06:12.898468 Test[183/237] Taxonomy = razor Sample = razor_003 EDLoss = 5.9920 RLoss = 5.9708 IoU = ['0.1095', '0.0986', '0.0882', '0.0782']
[INFO] 2026-09-26 00:06:12.928900 Test[184/237] Taxonomy = razor Sample = razor_010 EDLoss = 4.5622 RLoss = 4.5879 IoU = ['0.1224', '0.1216', '0.1309', '0.0924']
[INFO] 2026-09-26 00:06:12.956346 Test[185/237] Taxonomy = red_wine_glass Sample = red_wine_glass_011 EDLoss = 4.6977 RLoss = 4.5694 IoU = ['0.1729', '0.1639', '0.1365', '0.1121']
[INFO] 2026-09-26 00:06:12.985366 Test[186/237] Taxonomy = red_wine_glass Sample = red_wine_glass_019 EDLoss = 5.6158 RLoss = 6.0854 IoU = ['0.1760', '0.1766', '0.1744', '0.1647']
[INFO] 2026-09-26 00:06:13.017642 Test[187/237] Taxonomy = red_wine_glass Sample = red_wine_glass_025 EDLoss = 4.6407 RLoss = 4.5496 IoU = ['0.3174', '0.2954', '0.2091', '0.1047']
[INFO] 2026-09-26 00:06:13.045777 Test[188/237] Taxonomy = remote_control Sample = remote_control_003 EDLoss = 4.4451 RLoss = 4.4223 IoU = ['0.4121', '0.4202', '0.3982', '0.3540']
[INFO] 2026-09-26 00:06:13.070590 Test[189/237] Taxonomy = remote_control Sample = remote_control_012 EDLoss = 5.3221 RLoss = 5.2109 IoU = ['0.3116', '0.2975', '0.2587', '0.1860']
[INFO] 2026-09-26 00:06:13.097146 Test[190/237] Taxonomy = remote_control Sample = remote_control_020 EDLoss = 7.1786 RLoss = 7.0595 IoU = ['0.2380', '0.2333', '0.2256', '0.1896']
[INFO] 2026-09-26 00:06:13.127303 Test[191/237] Taxonomy = remote_control Sample = remote_control_024 EDLoss = 5.7447 RLoss = 5.9633 IoU = ['0.4147', '0.3965', '0.3614', '0.3020']
[INFO] 2026-09-26 00:06:13.156033 Test[192/237] Taxonomy = remote_control Sample = remote_control_026 EDLoss = 4.9693 RLoss = 4.8293 IoU = ['0.3306', '0.3166', '0.2690', '0.2066']
[INFO] 2026-09-26 00:06:13.181596 Test[193/237] Taxonomy = ricecooker Sample = ricecooker_005 EDLoss = 5.0079 RLoss = 4.9743 IoU = ['0.3457', '0.3494', '0.2427', '0.0684']
[INFO] 2026-09-26 00:06:13.209424 Test[194/237] Taxonomy = scissor Sample = scissor_003 EDLoss = 5.3050 RLoss = 4.7363 IoU = ['0.3187', '0.3206', '0.2839', '0.2101']
[INFO/Process-1] process shutting down
[INFO/Process-1] process exiting with exitcode 0
[INFO] 2026-09-26 00:06:13.235737 Test[195/237] Taxonomy = scissor Sample = scissor_004 EDLoss = 6.8112 RLoss = 5.5972 IoU = ['0.3423', '0.3113', '0.2738', '0.2259']
[INFO] 2026-09-26 00:06:13.262695 Test[196/237] Taxonomy = scissor Sample = scissor_011 EDLoss = 6.9098 RLoss = 6.3688 IoU = ['0.2417', '0.2097', '0.1655', '0.1019']
[INFO] 2026-09-26 00:06:13.292119 Test[197/237] Taxonomy = shampoo Sample = shampoo_003 EDLoss = 3.6317 RLoss = 3.4527 IoU = ['0.5061', '0.5543', '0.5503', '0.4578']
[INFO] 2026-09-26 00:06:13.314773 Test[198/237] Taxonomy = shampoo Sample = shampoo_004 EDLoss = 4.5752 RLoss = 4.4496 IoU = ['0.4084', '0.4628', '0.3915', '0.2257']
[INFO] 2026-09-26 00:06:13.344286 Test[199/237] Taxonomy = shampoo Sample = shampoo_005 EDLoss = 5.3155 RLoss = 6.0516 IoU = ['0.2515', '0.2542', '0.2621', '0.2532']
[INFO] 2026-09-26 00:06:13.374762 Test[200/237] Taxonomy = shampoo Sample = shampoo_011 EDLoss = 4.6013 RLoss = 4.5757 IoU = ['0.3749', '0.3914', '0.3813', '0.3622']
[INFO] 2026-09-26 00:06:13.406230 Test[201/237] Taxonomy = shampoo Sample = shampoo_021 EDLoss = 3.6036 RLoss = 3.0315 IoU = ['0.5740', '0.6550', '0.6519', '0.5854']
[INFO] 2026-09-26 00:06:13.434554 Test[202/237] Taxonomy = shampoo Sample = shampoo_022 EDLoss = 4.0971 RLoss = 4.0513 IoU = ['0.3731', '0.4574', '0.4681', '0.3735']
[INFO] 2026-09-26 00:06:13.461502 Test[203/237] Taxonomy = soap Sample = soap_003 EDLoss = 5.3439 RLoss = 5.2693 IoU = ['0.4170', '0.3954', '0.3077', '0.2007']
[INFO] 2026-09-26 00:06:13.491801 Test[204/237] Taxonomy = soap Sample = soap_004 EDLoss = 4.3238 RLoss = 3.7984 IoU = ['0.4997', '0.5669', '0.5617', '0.4542']
[INFO] 2026-09-26 00:06:13.516456 Test[205/237] Taxonomy = soap Sample = soap_005 EDLoss = 4.8907 RLoss = 4.5278 IoU = ['0.4913', '0.5069', '0.4531', '0.3622']
[INFO] 2026-09-26 00:06:13.544478 Test[206/237] Taxonomy = soap Sample = soap_019 EDLoss = 5.0277 RLoss = 4.9057 IoU = ['0.4652', '0.4591', '0.3778', '0.2362']
[INFO] 2026-09-26 00:06:13.572267 Test[207/237] Taxonomy = soap Sample = soap_021 EDLoss = 5.9767 RLoss = 5.7839 IoU = ['0.3000', '0.2544', '0.1946', '0.1206']
[INFO] 2026-09-26 00:06:13.590715 Test[208/237] Taxonomy = soap Sample = soap_035 EDLoss = 11.7621 RLoss = 9.2733 IoU = ['0.2133', '0.1745', '0.1418', '0.1093']
[INFO] 2026-09-26 00:06:13.615970 Test[209/237] Taxonomy = speaker Sample = speaker_005 EDLoss = 5.9949 RLoss = 5.9616 IoU = ['0.2985', '0.2612', '0.1769', '0.0838']
[INFO] 2026-09-26 00:06:13.651645 Test[210/237] Taxonomy = tape_measure Sample = tape_measure_006 EDLoss = 6.2252 RLoss = 6.8033 IoU = ['0.2674', '0.2433', '0.2214', '0.1888']
[INFO] 2026-09-26 00:06:13.684489 Test[211/237] Taxonomy = tape_measure Sample = tape_measure_021 EDLoss = 4.8210 RLoss = 4.8539 IoU = ['0.3835', '0.3553', '0.2494', '0.1720']
[INFO] 2026-09-26 00:06:13.714300 Test[212/237] Taxonomy = tape_measure Sample = tape_measure_023 EDLoss = 5.3309 RLoss = 5.5773 IoU = ['0.3286', '0.2696', '0.2220', '0.1517']
[INFO] 2026-09-26 00:06:13.746775 Test[213/237] Taxonomy = teapot Sample = teapot_003 EDLoss = 4.2923 RLoss = 4.3747 IoU = ['0.2863', '0.2774', '0.2113', '0.1585']
[INFO] 2026-09-26 00:06:13.777591 Test[214/237] Taxonomy = teapot Sample = teapot_004 EDLoss = 5.1285 RLoss = 5.1190 IoU = ['0.3012', '0.2839', '0.2593', '0.2165']
[INFO] 2026-09-26 00:06:13.808935 Test[215/237] Taxonomy = teapot Sample = teapot_005 EDLoss = 4.8866 RLoss = 4.8004 IoU = ['0.2971', '0.2721', '0.2031', '0.1184']
[INFO] 2026-09-26 00:06:13.840266 Test[216/237] Taxonomy = teapot Sample = teapot_011 EDLoss = 4.5074 RLoss = 4.4708 IoU = ['0.2864', '0.2476', '0.1903', '0.1272']
[INFO] 2026-09-26 00:06:13.867267 Test[217/237] Taxonomy = teapot Sample = teapot_021 EDLoss = 4.9897 RLoss = 4.8361 IoU = ['0.2351', '0.2230', '0.1581', '0.0671']
[INFO] 2026-09-26 00:06:13.894411 Test[218/237] Taxonomy = teapot Sample = teapot_022 EDLoss = 6.8151 RLoss = 7.9165 IoU = ['0.1679', '0.1638', '0.1714', '0.1703']
[INFO] 2026-09-26 00:06:13.927062 Test[219/237] Taxonomy = thermos Sample = thermos_004 EDLoss = 4.2954 RLoss = 4.2661 IoU = ['0.3611', '0.4094', '0.4003', '0.2264']
[INFO] 2026-09-26 00:06:13.961060 Test[220/237] Taxonomy = timer Sample = timer_011 EDLoss = 5.4498 RLoss = 5.4270 IoU = ['0.2112', '0.2328', '0.2483', '0.2326']
[INFO] 2026-09-26 00:06:13.990693 Test[221/237] Taxonomy = timer Sample = timer_017 EDLoss = 4.7354 RLoss = 4.4712 IoU = ['0.2735', '0.2788', '0.2405', '0.1563']
[INFO] 2026-09-26 00:06:14.019719 Test[222/237] Taxonomy = timer Sample = timer_020 EDLoss = 4.9610 RLoss = 4.9044 IoU = ['0.4277', '0.4301', '0.3474', '0.2243']
[INFO] 2026-09-26 00:06:14.048307 Test[223/237] Taxonomy = tooth_brush Sample = tooth_brush_005 EDLoss = 7.3651 RLoss = 7.7301 IoU = ['0.2358', '0.2276', '0.2177', '0.2041']
[INFO] 2026-09-26 00:06:14.069618 Test[224/237] Taxonomy = tooth_brush Sample = tooth_brush_011 EDLoss = 5.3089 RLoss = 5.2765 IoU = ['0.3816', '0.3721', '0.3551', '0.3230']
[INFO] 2026-09-26 00:06:14.094057 Test[225/237] Taxonomy = tooth_brush Sample = tooth_brush_012 EDLoss = 5.4307 RLoss = 5.2919 IoU = ['0.3891', '0.3884', '0.3808', '0.3640']
[INFO] 2026-09-26 00:06:14.120078 Test[226/237] Taxonomy = tooth_brush Sample = tooth_brush_020 EDLoss = 4.4702 RLoss = 4.4065 IoU = ['0.4232', '0.4208', '0.4120', '0.3961']
[INFO] 2026-09-26 00:06:14.147994 Test[227/237] Taxonomy = tooth_paste Sample = tooth_paste_003 EDLoss = 5.9379 RLoss = 6.4970 IoU = ['0.1422', '0.1207', '0.1181', '0.1123']
[INFO] 2026-09-26 00:06:14.173842 Test[228/237] Taxonomy = tooth_paste Sample = tooth_paste_005 EDLoss = 7.4750 RLoss = 6.6918 IoU = ['0.1537', '0.1309', '0.1118', '0.0940']
[INFO] 2026-09-26 00:06:14.204732 Test[229/237] Taxonomy = tooth_paste Sample = tooth_paste_012 EDLoss = 5.6832 RLoss = 5.6436 IoU = ['0.3042', '0.3200', '0.2376', '0.1204']
[INFO] 2026-09-26 00:06:14.226760 Test[230/237] Taxonomy = tooth_paste Sample = tooth_paste_024 EDLoss = 4.1099 RLoss = 3.8096 IoU = ['0.4019', '0.4478', '0.4174', '0.3116']
[INFO] 2026-09-26 00:06:14.257918 Test[231/237] Taxonomy = tooth_paste Sample = tooth_paste_026 EDLoss = 5.2171 RLoss = 4.8443 IoU = ['0.4040', '0.4092', '0.3971', '0.3518']
[INFO] 2026-09-26 00:06:14.279234 Test[232/237] Taxonomy = tooth_paste Sample = tooth_paste_029 EDLoss = 6.1906 RLoss = 5.8154 IoU = ['0.2779', '0.2778', '0.2604', '0.2310']
[INFO] 2026-09-26 00:06:14.308301 Test[233/237] Taxonomy = umbrella Sample = umbrella_005 EDLoss = 6.7324 RLoss = 7.0205 IoU = ['0.1555', '0.1301', '0.1032', '0.0792']
[INFO] 2026-09-26 00:06:14.336245 Test[234/237] Taxonomy = umbrella Sample = umbrella_007 EDLoss = 5.5432 RLoss = 5.3423 IoU = ['0.3022', '0.2542', '0.1853', '0.1087']
[INFO] 2026-09-26 00:06:14.366017 Test[235/237] Taxonomy = umbrella Sample = umbrella_020 EDLoss = 5.5634 RLoss = 5.6550 IoU = ['0.2834', '0.2225', '0.1572', '0.0881']
[INFO] 2026-09-26 00:06:14.396415 Test[236/237] Taxonomy = watch Sample = watch_003 EDLoss = 5.9872 RLoss = 5.5742 IoU = ['0.3495', '0.3144', '0.2174', '0.1202']
[INFO] 2026-09-26 00:06:14.428386 Test[237/237] Taxonomy = watch Sample = watch_012 EDLoss = 5.7693 RLoss = 5.6323 IoU = ['0.2817', '0.2138', '0.1048', '0.0372']
============================ TEST RESULTS ============================
Taxonomy	#Sample	Baseline	t=0.20	t=0.30	t=0.40	t=0.50	
bed     	1	N/a		0.1393	0.1030	0.0630	0.0291	
pillow  	6	N/a		0.3248	0.3133	0.2792	0.2146	
table   	4	N/a		0.2860	0.2507	0.1933	0.1165	
stool   	2	N/a		0.2766	0.2457	0.1943	0.1396	
clock   	9	N/a		0.2830	0.2507	0.1981	0.1339	
tvstand 	1	N/a		0.4791	0.5097	0.4843	0.3859	
vase    	2	N/a		0.2610	0.2026	0.1621	0.0894	
tissue  	8	N/a		0.4009	0.3986	0.3806	0.3335	
doll    	13	N/a		0.2387	0.2102	0.1531	0.1020	
fan     	2	N/a		0.0922	0.0706	0.0497	0.0290	
suitcase	1	N/a		0.4106	0.4001	0.3695	0.3139	
battery 	1	N/a		0.4192	0.4540	0.3096	0.1482	
book    	4	N/a		0.2891	0.2665	0.2233	0.1686	
bottle  	4	N/a		0.3874	0.4287	0.3721	0.2334	
bowl    	2	N/a		0.4289	0.4217	0.3797	0.3453	
boxed_beverage	2	N/a		0.2683	0.2418	0.2175	0.1848	
brush   	4	N/a		0.2277	0.2056	0.1699	0.1256	
candle  	1	N/a		0.4716	0.5169	0.5457	0.5210	
candy   	7	N/a		0.2446	0.2368	0.2074	0.1527	
canned_beverage	1	N/a		0.3876	0.3674	0.3096	0.2322	
chocolate	4	N/a		0.3623	0.3433	0.3011	0.2538	
cup     	6	N/a		0.3244	0.3011	0.2432	0.1709	
dish    	3	N/a		0.4677	0.4714	0.4575	0.4166	
dustbin 	3	N/a		0.3683	0.3357	0.2294	0.1227	
facial_cream	6	N/a		0.3381	0.3403	0.3292	0.2863	
fire_extinguisher	3	N/a		0.3252	0.3319	0.3087	0.2208	
flash_light	1	N/a		0.1659	0.1395	0.1271	0.0869	
fork    	1	N/a		0.0631	0.0638	0.0621	0.0574	
glasses 	1	N/a		0.1314	0.1150	0.0819	0.0502	
glasses_case	6	N/a		0.3924	0.3883	0.3603	0.3097	
hairpin 	4	N/a		0.2447	0.2248	0.1841	0.1281	
hammer  	3	N/a		0.3040	0.2984	0.2798	0.2512	
hand_cream	6	N/a		0.2652	0.2510	0.2253	0.1904	
house   	6	N/a		0.2685	0.2271	0.1527	0.0708	
kennel  	1	N/a		0.4958	0.5031	0.4349	0.3235	
kettle  	2	N/a		0.3631	0.3821	0.3506	0.2471	
keyboard	2	N/a		0.2506	0.2498	0.2406	0.2147	
knife   	4	N/a		0.1846	0.1696	0.1509	0.1276	
laptop  	1	N/a		0.3042	0.2945	0.1670	0.0885	
lipstick	4	N/a		0.3332	0.3545	0.3435	0.2813	
medicine_bottle	12	N/a		0.5018	0.5362	0.5087	0.4181	
microwaveoven	1	N/a		0.4676	0.4965	0.3862	0.2473	
monitor 	1	N/a		0.2474	0.2018	0.1314	0.0701	
mouse   	4	N/a		0.3115	0.2849	0.2369	0.1800	
ornaments	1	N/a		0.1786	0.1533	0.1372	0.0986	
pan     	1	N/a		0.1781	0.1753	0.1665	0.1079	
pen     	1	N/a		0.3097	0.2975	0.2837	0.2611	
plug    	1	N/a		0.2654	0.2809	0.2710	0.2281	
popcorn 	6	N/a		0.4127	0.4168	0.3822	0.2821	
potato_chips	2	N/a		0.2695	0.2318	0.1654	0.0841	
power_strip	5	N/a		0.3475	0.3480	0.3144	0.2236	
projector	2	N/a		0.3190	0.3215	0.2929	0.2112	
puff    	3	N/a		0.4072	0.4279	0.3200	0.1684	
razor   	2	N/a		0.1160	0.1101	0.1096	0.0853	
red_wine_glass	3	N/a		0.2221	0.2119	0.1734	0.1272	
remote_control	5	N/a		0.3414	0.3328	0.3026	0.2476	
ricecooker	1	N/a		0.3457	0.3494	0.2427	0.0684	
scissor 	3	N/a		0.3009	0.2805	0.2411	0.1793	
shampoo 	6	N/a		0.4147	0.4625	0.4509	0.3763	
soap    	6	N/a		0.3977	0.3929	0.3394	0.2472	
speaker 	1	N/a		0.2985	0.2612	0.1769	0.0838	
tape_measure	3	N/a		0.3265	0.2894	0.2309	0.1708	
teapot  	6	N/a		0.2623	0.2446	0.1989	0.1430	
thermos 	1	N/a		0.3611	0.4094	0.4003	0.2264	
timer   	3	N/a		0.3041	0.3139	0.2787	0.2044	
tooth_brush	4	N/a		0.3574	0.3522	0.3414	0.3218	
tooth_paste	6	N/a		0.2806	0.2844	0.2571	0.2035	
umbrella	3	N/a		0.2471	0.2023	0.1485	0.0920	
watch   	2	N/a		0.3156	0.2641	0.1611	0.0787	
Overall 				0.3203	0.3122	0.2727	0.2079	
Macro   				0.3098	0.3016	0.2600	0.1932	

[INFO/MainProcess] process shutting down
